Archive member included to satisfy reference by file (symbol)

c:/qmk_msys/mingw64/bin/../lib/gcc/avr/12.2.0/avr5\libgcc.a(_udivmodsi4.o)
                              .build/obj_tr47_samwan/quantum/quantum.o (__udivmodsi4)
c:/qmk_msys/mingw64/bin/../lib/gcc/avr/12.2.0/avr5\libgcc.a(_exit.o)
                              c:/qmk_msys/mingw64/bin/../lib/gcc/avr/12.2.0/../../../../avr/lib/avr5/crtatmega32u4.o (exit)
c:/qmk_msys/mingw64/bin/../lib/gcc/avr/12.2.0/avr5\libgcc.a(_tablejump2.o)
                              .build/obj_tr47_samwan/quantum/process_keycode/process_magic.o (__tablejump2__)
c:/qmk_msys/mingw64/bin/../lib/gcc/avr/12.2.0/avr5\libgcc.a(_copy_data.o)
                              .build/obj_tr47_samwan/quantum/quantum.o (__do_copy_data)
c:/qmk_msys/mingw64/bin/../lib/gcc/avr/12.2.0/avr5\libgcc.a(_clear_bss.o)
                              .build/obj_tr47_samwan/quantum/quantum.o (__do_clear_bss)
c:/qmk_msys/mingw64/bin/../lib/gcc/avr/12.2.0/avr5\libgcc.a(_popcounthi2.o)
                              .build/obj_tr47_samwan/quantum/bitwise.o (__popcounthi2)
c:/qmk_msys/mingw64/bin/../lib/gcc/avr/12.2.0/avr5\libgcc.a(_popcountsi2.o)
                              .build/obj_tr47_samwan/quantum/bitwise.o (__popcountsi2)
c:/qmk_msys/mingw64/bin/../lib/gcc/avr/12.2.0/avr5\libgcc.a(_popcountqi2.o)
                              c:/qmk_msys/mingw64/bin/../lib/gcc/avr/12.2.0/avr5\libgcc.a(_popcounthi2.o) (__popcountqi2)
c:/qmk_msys/mingw64/bin/../lib/gcc/avr/12.2.0/avr5\libgcc.a(_prologue.o)
                              .build/obj_tr47_samwan/quantum/quantum.o (__prologue_saves__)
c:/qmk_msys/mingw64/bin/../lib/gcc/avr/12.2.0/avr5\libgcc.a(_epilogue.o)
                              .build/obj_tr47_samwan/quantum/quantum.o (__epilogue_restores__)
c:/qmk_msys/mingw64/bin/../lib/gcc/avr/12.2.0/../../../../avr/lib/avr5\libc.a(memcmp.o)
                              .build/obj_tr47_samwan/quantum/action_util.o (memcmp)
c:/qmk_msys/mingw64/bin/../lib/gcc/avr/12.2.0/../../../../avr/lib/avr5\libc.a(memcpy.o)
                              .build/obj_tr47_samwan/quantum/debounce/sym_defer_g.o (memcpy)
c:/qmk_msys/mingw64/bin/../lib/gcc/avr/12.2.0/../../../../avr/lib/avr5\libc.a(memmove.o)
                              .build/obj_tr47_samwan/lib/lufa/LUFA/Drivers/USB/Class/Common/HIDParser.o (memmove)
c:/qmk_msys/mingw64/bin/../lib/gcc/avr/12.2.0/../../../../avr/lib/avr5\libatmega32u4.a(eerd_byte.o)
                              .build/obj_tr47_samwan/quantum/eeconfig.o (eeprom_read_byte)
c:/qmk_msys/mingw64/bin/../lib/gcc/avr/12.2.0/../../../../avr/lib/avr5\libatmega32u4.a(eerd_dword.o)
                              .build/obj_tr47_samwan/quantum/eeconfig.o (eeprom_read_dword)
c:/qmk_msys/mingw64/bin/../lib/gcc/avr/12.2.0/../../../../avr/lib/avr5\libatmega32u4.a(eerd_word.o)
                              .build/obj_tr47_samwan/quantum/eeconfig.o (eeprom_read_word)
c:/qmk_msys/mingw64/bin/../lib/gcc/avr/12.2.0/../../../../avr/lib/avr5\libatmega32u4.a(eeupd_block.o)
                              .build/obj_tr47_samwan/quantum/eeconfig.o (eeprom_update_block)
c:/qmk_msys/mingw64/bin/../lib/gcc/avr/12.2.0/../../../../avr/lib/avr5\libatmega32u4.a(eeupd_byte.o)
                              .build/obj_tr47_samwan/quantum/eeconfig.o (eeprom_update_byte)
c:/qmk_msys/mingw64/bin/../lib/gcc/avr/12.2.0/../../../../avr/lib/avr5\libatmega32u4.a(eeupd_dword.o)
                              .build/obj_tr47_samwan/quantum/eeconfig.o (eeprom_update_dword)
c:/qmk_msys/mingw64/bin/../lib/gcc/avr/12.2.0/../../../../avr/lib/avr5\libatmega32u4.a(eeupd_word.o)
                              .build/obj_tr47_samwan/quantum/eeconfig.o (eeprom_update_word)
c:/qmk_msys/mingw64/bin/../lib/gcc/avr/12.2.0/../../../../avr/lib/avr5\libatmega32u4.a(eerd_block.o)
                              c:/qmk_msys/mingw64/bin/../lib/gcc/avr/12.2.0/../../../../avr/lib/avr5\libatmega32u4.a(eerd_dword.o) (eeprom_read_blraw)

Allocating common symbols
Common symbol       size              file

USB_IsInitialized   0x1               .build/obj_tr47_samwan/lib/lufa/LUFA/Drivers/USB/Core/USBTask.o
keymap_config       0x2               .build/obj_tr47_samwan/quantum/keycode_config.o
USB_DeviceState     0x1               .build/obj_tr47_samwan/lib/lufa/LUFA/Drivers/USB/Core/USBTask.o
USB_Device_ConfigurationNumber
                    0x1               .build/obj_tr47_samwan/lib/lufa/LUFA/Drivers/USB/Core/DeviceStandardReq.o
raw_matrix          0x8               .build/obj_tr47_samwan/quantum/matrix_common.o
USB_Device_CurrentlySelfPowered
                    0x1               .build/obj_tr47_samwan/lib/lufa/LUFA/Drivers/USB/Core/DeviceStandardReq.o
matrix              0x8               .build/obj_tr47_samwan/quantum/matrix_common.o
USB_ControlRequest  0x8               .build/obj_tr47_samwan/lib/lufa/LUFA/Drivers/USB/Core/USBTask.o
[...]
Memory Configuration

Name             Origin             Length             Attributes
text             0x00000000         0x00020000         xr
data             0x00800060         0x0000ffa0         rw!x
eeprom           0x00810000         0x00010000         rw!x
fuse             0x00820000         0x00000003         rw!x
lock             0x00830000         0x00000400         rw!x
signature        0x00840000         0x00000400         rw!x
user_signatures  0x00850000         0x00000400         rw!x
*default*        0x00000000         0xffffffff

Linker script and memory map

Address of section .data set to 0x800100
LOAD c:/qmk_msys/mingw64/bin/../lib/gcc/avr/12.2.0/../../../../avr/lib/avr5/crtatmega32u4.o
LOAD .build/obj_tr47_samwan/.build/obj_tr47_samwan/src/default_keyboard.o
LOAD .build/obj_tr47_samwan/quantum/keymap_introspection.o
LOAD .build/obj_tr47_samwan/quantum/quantum.o
LOAD .build/obj_tr47_samwan/quantum/bitwise.o
LOAD .build/obj_tr47_samwan/quantum/led.o
LOAD .build/obj_tr47_samwan/quantum/action.o
LOAD .build/obj_tr47_samwan/quantum/action_layer.o
LOAD .build/obj_tr47_samwan/quantum/action_tapping.o
LOAD .build/obj_tr47_samwan/quantum/action_util.o
LOAD .build/obj_tr47_samwan/quantum/eeconfig.o
LOAD .build/obj_tr47_samwan/quantum/keyboard.o
LOAD .build/obj_tr47_samwan/quantum/keymap_common.o
LOAD .build/obj_tr47_samwan/quantum/keycode_config.o
LOAD .build/obj_tr47_samwan/quantum/sync_timer.o
LOAD .build/obj_tr47_samwan/quantum/logging/debug.o
LOAD .build/obj_tr47_samwan/quantum/logging/sendchar.o
LOAD .build/obj_tr47_samwan/quantum/matrix_common.o
LOAD .build/obj_tr47_samwan/quantum/matrix.o
LOAD .build/obj_tr47_samwan/quantum/debounce/sym_defer_g.o
LOAD .build/obj_tr47_samwan/quantum/main.o
LOAD .build/obj_tr47_samwan/platforms/avr/xprintf.o
LOAD .build/obj_tr47_samwan/platforms/avr/printf.o
LOAD .build/obj_tr47_samwan/quantum/process_keycode/process_grave_esc.o
LOAD .build/obj_tr47_samwan/quantum/process_keycode/process_magic.o
LOAD .build/obj_tr47_samwan/quantum/send_string/send_string.o
LOAD .build/obj_tr47_samwan/quantum/process_keycode/process_space_cadet.o
LOAD .build/obj_tr47_samwan/protocol/host.o
LOAD .build/obj_tr47_samwan/protocol/report.o
LOAD .build/obj_tr47_samwan/protocol/usb_device_state.o
LOAD .build/obj_tr47_samwan/protocol/usb_util.o
LOAD .build/obj_tr47_samwan/platforms/suspend.o
LOAD .build/obj_tr47_samwan/platforms/synchronization_util.o
LOAD .build/obj_tr47_samwan/platforms/timer.o
LOAD .build/obj_tr47_samwan/platforms/avr/hardware_id.o
LOAD .build/obj_tr47_samwan/platforms/avr/platform.o
LOAD .build/obj_tr47_samwan/platforms/avr/suspend.o
LOAD .build/obj_tr47_samwan/platforms/avr/timer.o
LOAD .build/obj_tr47_samwan/platforms/avr/bootloaders/dfu.o
LOAD .build/obj_tr47_samwan/lufa.o
LOAD .build/obj_tr47_samwan/usb_descriptor.o
LOAD .build/obj_tr47_samwan/lib/lufa/LUFA/Drivers/USB/Class/Common/HIDParser.o
LOAD .build/obj_tr47_samwan/lib/lufa/LUFA/Drivers/USB/Core/AVR8/Device_AVR8.o
LOAD .build/obj_tr47_samwan/lib/lufa/LUFA/Drivers/USB/Core/AVR8/EndpointStream_AVR8.o
LOAD .build/obj_tr47_samwan/lib/lufa/LUFA/Drivers/USB/Core/AVR8/Endpoint_AVR8.o
LOAD .build/obj_tr47_samwan/lib/lufa/LUFA/Drivers/USB/Core/AVR8/Host_AVR8.o
LOAD .build/obj_tr47_samwan/lib/lufa/LUFA/Drivers/USB/Core/AVR8/PipeStream_AVR8.o
LOAD .build/obj_tr47_samwan/lib/lufa/LUFA/Drivers/USB/Core/AVR8/Pipe_AVR8.o
LOAD .build/obj_tr47_samwan/lib/lufa/LUFA/Drivers/USB/Core/AVR8/USBController_AVR8.o
LOAD .build/obj_tr47_samwan/lib/lufa/LUFA/Drivers/USB/Core/AVR8/USBInterrupt_AVR8.o
LOAD .build/obj_tr47_samwan/lib/lufa/LUFA/Drivers/USB/Core/ConfigDescriptors.o
LOAD .build/obj_tr47_samwan/lib/lufa/LUFA/Drivers/USB/Core/DeviceStandardReq.o
LOAD .build/obj_tr47_samwan/lib/lufa/LUFA/Drivers/USB/Core/Events.o
LOAD .build/obj_tr47_samwan/lib/lufa/LUFA/Drivers/USB/Core/HostStandardReq.o
LOAD .build/obj_tr47_samwan/lib/lufa/LUFA/Drivers/USB/Core/USBTask.o
LOAD .build/obj_tr47_samwan/protocol/lufa/usb_util.o
LOAD c:/qmk_msys/mingw64/bin/../lib/gcc/avr/12.2.0/../../../../avr/lib/avr5\libm.a
START GROUP
LOAD c:/qmk_msys/mingw64/bin/../lib/gcc/avr/12.2.0/avr5\libgcc.a
LOAD c:/qmk_msys/mingw64/bin/../lib/gcc/avr/12.2.0/../../../../avr/lib/avr5\libm.a
LOAD c:/qmk_msys/mingw64/bin/../lib/gcc/avr/12.2.0/../../../../avr/lib/avr5\libc.a
LOAD c:/qmk_msys/mingw64/bin/../lib/gcc/avr/12.2.0/../../../../avr/lib/avr5\libatmega32u4.a
END GROUP
                0x00020000                        __TEXT_REGION_LENGTH__ = DEFINED (__TEXT_REGION_LENGTH__)?__TEXT_REGION_LENGTH__:0x20000
                0x00800060                        __DATA_REGION_ORIGIN__ = DEFINED (__DATA_REGION_ORIGIN__)?__DATA_REGION_ORIGIN__:0x800060
                0x0000ffa0                        __DATA_REGION_LENGTH__ = DEFINED (__DATA_REGION_LENGTH__)?__DATA_REGION_LENGTH__:0xffa0
                0x00010000                        __EEPROM_REGION_LENGTH__ = DEFINED (__EEPROM_REGION_LENGTH__)?__EEPROM_REGION_LENGTH__:0x10000
                [0x00000003]                      __FUSE_REGION_LENGTH__ = DEFINED (__FUSE_REGION_LENGTH__)?__FUSE_REGION_LENGTH__:0x400
                0x00000400                        __LOCK_REGION_LENGTH__ = DEFINED (__LOCK_REGION_LENGTH__)?__LOCK_REGION_LENGTH__:0x400
                0x00000400                        __SIGNATURE_REGION_LENGTH__ = DEFINED (__SIGNATURE_REGION_LENGTH__)?__SIGNATURE_REGION_LENGTH__:0x400
                0x00000400                        __USER_SIGNATURE_REGION_LENGTH__ = DEFINED (__USER_SIGNATURE_REGION_LENGTH__)?__USER_SIGNATURE_REGION_LENGTH__:0x400

.hash
 *(.hash)

.dynsym
 *(.dynsym)

.dynstr
 *(.dynstr)

.gnu.version
 *(.gnu.version)

.gnu.version_d
 *(.gnu.version_d)

.gnu.version_r
 *(.gnu.version_r)

.rel.init
 *(.rel.init)

.rela.init
 *(.rela.init)

.rel.text
 *(.rel.text)
 *(.rel.text.*)
 *(.rel.gnu.linkonce.t*)

.rela.text
 *(.rela.text)
 *(.rela.text.*)
 *(.rela.gnu.linkonce.t*)

.rel.fini
 *(.rel.fini)

.rela.fini
 *(.rela.fini)

.rel.rodata
 *(.rel.rodata)
 *(.rel.rodata.*)
 *(.rel.gnu.linkonce.r*)

.rela.rodata
 *(.rela.rodata)
 *(.rela.rodata.*)
 *(.rela.gnu.linkonce.r*)

.rel.data
 *(.rel.data)
 *(.rel.data.*)
 *(.rel.gnu.linkonce.d*)

.rela.data
 *(.rela.data)
 *(.rela.data.*)
 *(.rela.gnu.linkonce.d*)

.rel.ctors
 *(.rel.ctors)

.rela.ctors
 *(.rela.ctors)

.rel.dtors
 *(.rel.dtors)

.rela.dtors
 *(.rela.dtors)

.rel.got
 *(.rel.got)

.rela.got
 *(.rela.got)

.rel.bss
 *(.rel.bss)

.rela.bss
 *(.rela.bss)

.rel.plt
 *(.rel.plt)

.rela.plt
 *(.rela.plt)

.text           0x00000000     0x37ca
 *(.vectors)
 .vectors       0x00000000       0xac c:/qmk_msys/mingw64/bin/../lib/gcc/avr/12.2.0/../../../../avr/lib/avr5/crtatmega32u4.o
                0x00000000                __vector_default
                0x00000000                __vectors
 *(.vectors)
 *(.progmem.gcc*)
                0x000000ac                        . = ALIGN (0x2)
                0x000000ac                        __trampolines_start = .
 *(.trampolines)
 .trampolines   0x000000ac        0x0 linker stubs
 *(.trampolines*)
                0x000000ac                        __trampolines_end = .
 *libprintf_flt.a:*(.progmem.data)
 *libc.a:*(.progmem.data)
 *(.progmem.*)
 .progmem.data.keymaps
                0x000000ac      0x150 .build/obj_tr47_samwan/quantum/keymap_introspection.o
                0x000000ac                keymaps
 .progmem.data.ProductString
                0x000001fc       0x16 .build/obj_tr47_samwan/usb_descriptor.o
                0x000001fc                ProductString
 .progmem.data.ManufacturerString
                0x00000212       0x1c .build/obj_tr47_samwan/usb_descriptor.o
                0x00000212                ManufacturerString
 .progmem.data.LanguageString
                0x0000022e        0x4 .build/obj_tr47_samwan/usb_descriptor.o
                0x0000022e                LanguageString
 .progmem.data.ConfigurationDescriptor
                0x00000232       0x3b .build/obj_tr47_samwan/usb_descriptor.o
                0x00000232                ConfigurationDescriptor
 .progmem.data.DeviceDescriptor
                0x0000026d       0x12 .build/obj_tr47_samwan/usb_descriptor.o
                0x0000026d                DeviceDescriptor
 .progmem.data.SharedReport
                0x0000027f       0x3b .build/obj_tr47_samwan/usb_descriptor.o
                0x0000027f                SharedReport
 .progmem.data.KeyboardReport
                0x000002ba       0x44 .build/obj_tr47_samwan/usb_descriptor.o
                0x000002ba                KeyboardReport
                0x000002fe                        . = ALIGN (0x2)
 *(.lowtext)
 *(.lowtext*)
                0x000002fe                        __ctors_start = .
 *(.ctors)
                0x000002fe                        __ctors_end = .
                0x000002fe                        __dtors_start = .
 *(.dtors)
                0x000002fe                        __dtors_end = .
 SORT_BY_NAME(*)(.ctors)
 SORT_BY_NAME(*)(.dtors)
 *(.init0)
 .init0         0x000002fe        0x0 c:/qmk_msys/mingw64/bin/../lib/gcc/avr/12.2.0/../../../../avr/lib/avr5/crtatmega32u4.o
                0x000002fe                __init
 *(.init0)
 *(.init1)
 *(.init1)
 *(.init2)
 .init2         0x000002fe        0xc c:/qmk_msys/mingw64/bin/../lib/gcc/avr/12.2.0/../../../../avr/lib/avr5/crtatmega32u4.o
 *(.init2)
 *(.init3)
 .init3         0x0000030a       0x36 .build/obj_tr47_samwan/platforms/avr/bootloaders/dfu.o
                0x0000030a                bootloader_jump_after_watchdog_reset
 *(.init3)
 *(.init4)
 .init4         0x00000340       0x16 c:/qmk_msys/mingw64/bin/../lib/gcc/avr/12.2.0/avr5\libgcc.a(_copy_data.o)
                0x00000340                __do_copy_data
 .init4         0x00000356       0x10 c:/qmk_msys/mingw64/bin/../lib/gcc/avr/12.2.0/avr5\libgcc.a(_clear_bss.o)
                0x00000356                __do_clear_bss
 *(.init4)
 *(.init5)
 *(.init5)
 *(.init6)
 *(.init6)
 *(.init7)
 *(.init7)
 *(.init8)
 *(.init8)
 *(.init9)
 .init9         0x00000366        0x8 c:/qmk_msys/mingw64/bin/../lib/gcc/avr/12.2.0/../../../../avr/lib/avr5/crtatmega32u4.o
 *(.init9)
 *(.text)
 .text          0x0000036e        0x4 c:/qmk_msys/mingw64/bin/../lib/gcc/avr/12.2.0/../../../../avr/lib/avr5/crtatmega32u4.o
                0x0000036e                __vector_38
                0x0000036e                __vector_22
                0x0000036e                __vector_28
                0x0000036e                __vector_1
                0x0000036e                __vector_32
                0x0000036e                __vector_34
                0x0000036e                __vector_24
                0x0000036e                __bad_interrupt
                0x0000036e                __vector_6
                0x0000036e                __vector_31
                0x0000036e                __vector_35
                0x0000036e                __vector_39
                0x0000036e                __vector_3
                0x0000036e                __vector_23
                0x0000036e                __vector_30
                0x0000036e                __vector_25
                0x0000036e                __vector_13
                0x0000036e                __vector_17
                0x0000036e                __vector_19
                0x0000036e                __vector_7
                0x0000036e                __vector_41
                0x0000036e                __vector_27
                0x0000036e                __vector_5
                0x0000036e                __vector_33
                0x0000036e                __vector_37
                0x0000036e                __vector_4
                0x0000036e                __vector_9
                0x0000036e                __vector_2
                0x0000036e                __vector_15
                0x0000036e                __vector_36
                0x0000036e                __vector_29
                0x0000036e                __vector_40
                0x0000036e                __vector_8
                0x0000036e                __vector_26
                0x0000036e                __vector_14
                0x0000036e                __vector_16
                0x0000036e                __vector_18
                0x0000036e                __vector_20
                0x0000036e                __vector_42
                0x00000372                        . = ALIGN (0x2)
 *(.text.*)
 .text.keycode_at_keymap_location_raw
                0x00000372       0x38 .build/obj_tr47_samwan/quantum/keymap_introspection.o
                0x00000372                keycode_at_keymap_location_raw
 .text.keycode_at_keymap_location
                0x000003aa        0x6 .build/obj_tr47_samwan/quantum/keymap_introspection.o
                0x000003aa                keycode_at_keymap_location
 .text.pre_process_record_user
                0x000003b0        0x4 .build/obj_tr47_samwan/quantum/quantum.o
                0x000003b0                pre_process_record_user
 .text.pre_process_record_kb
                0x000003b4        0x6 .build/obj_tr47_samwan/quantum/quantum.o
                0x000003b4                pre_process_record_kb
 .text.process_action_kb
                0x000003ba        0x4 .build/obj_tr47_samwan/quantum/quantum.o
                0x000003ba                process_action_kb
 .text.process_record_user
                0x000003be        0x6 .build/obj_tr47_samwan/quantum/quantum.o
                0x000003be                process_record_user
 .text.process_record_kb
                0x000003c4        0x6 .build/obj_tr47_samwan/quantum/quantum.o
                0x000003c4                process_record_kb
 .text.post_process_record_user
                0x000003ca        0x2 .build/obj_tr47_samwan/quantum/quantum.o
                0x000003ca                post_process_record_user
 .text.post_process_record_kb
                0x000003cc        0x6 .build/obj_tr47_samwan/quantum/quantum.o
                0x000003cc                post_process_record_kb
 .text.get_event_keycode
                0x000003d2       0x5c .build/obj_tr47_samwan/quantum/quantum.o
                0x000003d2                get_event_keycode
 .text.get_record_keycode
                0x0000042e       0x16 .build/obj_tr47_samwan/quantum/quantum.o
                0x0000042e                get_record_keycode
 .text.pre_process_record_quantum
                0x00000444       0x1c .build/obj_tr47_samwan/quantum/quantum.o
                0x00000444                pre_process_record_quantum
 .text.post_process_record_quantum
                0x00000460       0x1c .build/obj_tr47_samwan/quantum/quantum.o
                0x00000460                post_process_record_quantum
 .text.shutdown_user
                0x0000047c        0x4 .build/obj_tr47_samwan/quantum/quantum.o
                0x0000047c                shutdown_user
 .text.shutdown_kb
                0x00000480        0x6 .build/obj_tr47_samwan/quantum/quantum.o
                0x00000480                shutdown_kb
 .text.shutdown_quantum
                0x00000486       0x24 .build/obj_tr47_samwan/quantum/quantum.o
                0x00000486                shutdown_quantum
 .text.reset_keyboard
                0x000004aa        0xc .build/obj_tr47_samwan/quantum/quantum.o
                0x000004aa                reset_keyboard
 .text.soft_reset_keyboard
                0x000004b6        0xc .build/obj_tr47_samwan/quantum/quantum.o
                0x000004b6                soft_reset_keyboard
 .text.process_record_quantum
                0x000004c2       0xaa .build/obj_tr47_samwan/quantum/quantum.o
                0x000004c2                process_record_quantum
 .text.suspend_power_down_quantum
                0x0000056c        0xa .build/obj_tr47_samwan/quantum/quantum.o
                0x0000056c                suspend_power_down_quantum
 .text.suspend_wakeup_init_quantum
                0x00000576        0xa .build/obj_tr47_samwan/quantum/quantum.o
                0x00000576                suspend_wakeup_init_quantum
 .text.led_set_user
                0x00000580        0x2 .build/obj_tr47_samwan/quantum/led.o
                0x00000580                led_set_user
 .text.led_update_user
                0x00000582        0x4 .build/obj_tr47_samwan/quantum/led.o
                0x00000582                led_update_user
 .text.led_update_ports
                0x00000586        0x2 .build/obj_tr47_samwan/quantum/led.o
                0x00000586                led_update_ports
 .text.led_update_kb
                0x00000588       0x1e .build/obj_tr47_samwan/quantum/led.o
                0x00000588                led_update_kb
 .text.led_init_ports
                0x000005a6        0x2 .build/obj_tr47_samwan/quantum/led.o
                0x000005a6                led_init_ports
 .text.led_set  0x000005a8       0x12 .build/obj_tr47_samwan/quantum/led.o
                0x000005a8                led_set
 .text.led_suspend
                0x000005ba        0x8 .build/obj_tr47_samwan/quantum/led.o
                0x000005ba                led_suspend
 .text.led_wakeup
                0x000005c2        0xa .build/obj_tr47_samwan/quantum/led.o
                0x000005c2                led_wakeup
 .text.led_task
                0x000005cc       0x32 .build/obj_tr47_samwan/quantum/led.o
                0x000005cc                led_task
 .text.action_exec
                0x000005fe       0x60 .build/obj_tr47_samwan/quantum/action.o
                0x000005fe                action_exec
 .text.process_record_tap_hint
                0x0000065e       0x12 .build/obj_tr47_samwan/quantum/action.o
                0x0000065e                process_record_tap_hint
 .text.register_code
                0x00000670       0x4c .build/obj_tr47_samwan/quantum/action.o
                0x00000670                register_code
 .text.unregister_code
                0x000006bc       0x32 .build/obj_tr47_samwan/quantum/action.o
                0x000006bc                unregister_code
 .text.tap_code_delay
                0x000006ee       0x30 .build/obj_tr47_samwan/quantum/action.o
                0x000006ee                tap_code_delay
 .text.tap_code
                0x0000071e       0x12 .build/obj_tr47_samwan/quantum/action.o
                0x0000071e                tap_code
 .text.register_mods
                0x00000730        0xe .build/obj_tr47_samwan/quantum/action.o
                0x00000730                register_mods
 .text.unregister_mods
                0x0000073e        0xe .build/obj_tr47_samwan/quantum/action.o
                0x0000073e                unregister_mods
 .text.process_action
                0x0000074c      0x3d8 .build/obj_tr47_samwan/quantum/action.o
                0x0000074c                process_action
 .text.process_record_handler
                0x00000b24       0x30 .build/obj_tr47_samwan/quantum/action.o
                0x00000b24                process_record_handler
 .text.process_record
                0x00000b54       0x46 .build/obj_tr47_samwan/quantum/action.o
                0x00000b54                process_record
 .text.clear_keyboard_but_mods_and_keys
                0x00000b9a        0xa .build/obj_tr47_samwan/quantum/action.o
                0x00000b9a                clear_keyboard_but_mods_and_keys
 .text.clear_keyboard_but_mods
                0x00000ba4        0xa .build/obj_tr47_samwan/quantum/action.o
                0x00000ba4                clear_keyboard_but_mods
 .text.clear_keyboard
                0x00000bae        0xa .build/obj_tr47_samwan/quantum/action.o
                0x00000bae                clear_keyboard
 .text.is_tap_action
                0x00000bb8       0x3a .build/obj_tr47_samwan/quantum/action.o
                0x00000bb8                is_tap_action
 .text.is_tap_record
                0x00000bf2       0x1a .build/obj_tr47_samwan/quantum/action.o
                0x00000bf2                is_tap_record
 .text.debug_event
                0x00000c0c       0x14 .build/obj_tr47_samwan/quantum/action.o
                0x00000c0c                debug_event
 .text.debug_record
                0x00000c20       0x14 .build/obj_tr47_samwan/quantum/action.o
                0x00000c20                debug_record
 .text.default_layer_state_set_user
                0x00000c34        0x2 .build/obj_tr47_samwan/quantum/action_layer.o
                0x00000c34                default_layer_state_set_user
 .text.default_layer_state_set_kb
                0x00000c36        0x6 .build/obj_tr47_samwan/quantum/action_layer.o
                0x00000c36                default_layer_state_set_kb
 .text.default_layer_state_set
                0x00000c3c        0xe .build/obj_tr47_samwan/quantum/action_layer.o
 .text.default_layer_debug
                0x00000c4a        0x2 .build/obj_tr47_samwan/quantum/action_layer.o
                0x00000c4a                default_layer_debug
 .text.default_layer_set
                0x00000c4c        0x6 .build/obj_tr47_samwan/quantum/action_layer.o
                0x00000c4c                default_layer_set
 .text.default_layer_or
                0x00000c52       0x12 .build/obj_tr47_samwan/quantum/action_layer.o
                0x00000c52                default_layer_or
 .text.default_layer_and
                0x00000c64       0x12 .build/obj_tr47_samwan/quantum/action_layer.o
                0x00000c64                default_layer_and
 .text.default_layer_xor
                0x00000c76       0x12 .build/obj_tr47_samwan/quantum/action_layer.o
                0x00000c76                default_layer_xor
 .text.layer_state_set_user
                0x00000c88        0x6 .build/obj_tr47_samwan/quantum/action_layer.o
                0x00000c88                layer_state_set_user
 .text.layer_state_set_kb
                0x00000c8e        0x6 .build/obj_tr47_samwan/quantum/action_layer.o
                0x00000c8e                layer_state_set_kb
 .text.layer_state_set
                0x00000c94        0xe .build/obj_tr47_samwan/quantum/action_layer.o
                0x00000c94                layer_state_set
 .text.layer_clear
                0x00000ca2        0xa .build/obj_tr47_samwan/quantum/action_layer.o
                0x00000ca2                layer_clear
 .text.layer_move
                0x00000cac       0x18 .build/obj_tr47_samwan/quantum/action_layer.o
                0x00000cac                layer_move
 .text.layer_on
                0x00000cc4       0x20 .build/obj_tr47_samwan/quantum/action_layer.o
                0x00000cc4                layer_on
 .text.layer_off
                0x00000ce4       0x24 .build/obj_tr47_samwan/quantum/action_layer.o
                0x00000ce4                layer_off
 .text.layer_invert
                0x00000d08       0x20 .build/obj_tr47_samwan/quantum/action_layer.o
                0x00000d08                layer_invert
 .text.layer_or
                0x00000d28       0x12 .build/obj_tr47_samwan/quantum/action_layer.o
                0x00000d28                layer_or
 .text.layer_and
                0x00000d3a       0x12 .build/obj_tr47_samwan/quantum/action_layer.o
                0x00000d3a                layer_and
 .text.layer_xor
                0x00000d4c       0x12 .build/obj_tr47_samwan/quantum/action_layer.o
                0x00000d4c                layer_xor
 .text.layer_debug
                0x00000d5e        0x2 .build/obj_tr47_samwan/quantum/action_layer.o
                0x00000d5e                layer_debug
 .text.update_source_layers_cache_impl
                0x00000d60       0x5a .build/obj_tr47_samwan/quantum/action_layer.o
                0x00000d60                update_source_layers_cache_impl
 .text.read_source_layers_cache_impl
                0x00000dba       0x50 .build/obj_tr47_samwan/quantum/action_layer.o
                0x00000dba                read_source_layers_cache_impl
 .text.update_source_layers_cache
                0x00000e0a       0x24 .build/obj_tr47_samwan/quantum/action_layer.o
                0x00000e0a                update_source_layers_cache
 .text.read_source_layers_cache
                0x00000e2e       0x24 .build/obj_tr47_samwan/quantum/action_layer.o
                0x00000e2e                read_source_layers_cache
 .text.layer_switch_get_layer
                0x00000e52       0x64 .build/obj_tr47_samwan/quantum/action_layer.o
                0x00000e52                layer_switch_get_layer
 .text.layer_switch_get_action
                0x00000eb6       0x1a .build/obj_tr47_samwan/quantum/action_layer.o
                0x00000eb6                layer_switch_get_action
 .text.store_or_get_action
                0x00000ed0       0x52 .build/obj_tr47_samwan/quantum/action_layer.o
                0x00000ed0                store_or_get_action
 .text.debug_waiting_buffer
                0x00000f22       0x44 .build/obj_tr47_samwan/quantum/action_tapping.o
 .text.debug_tapping_key
                0x00000f66       0x22 .build/obj_tr47_samwan/quantum/action_tapping.o
 .text.waiting_buffer_scan_tap
                0x00000f88       0xa2 .build/obj_tr47_samwan/quantum/action_tapping.o
 .text.waiting_buffer_typed.isra.0
                0x0000102a       0x3e .build/obj_tr47_samwan/quantum/action_tapping.o
 .text.process_tapping
                0x00001068      0x2f4 .build/obj_tr47_samwan/quantum/action_tapping.o
 .text.action_tapping_process
                0x0000135c      0x10c .build/obj_tr47_samwan/quantum/action_tapping.o
                0x0000135c                action_tapping_process
 .text.get_oneshot_layer
                0x00001468        0xc .build/obj_tr47_samwan/quantum/action_util.o
                0x00001468                get_oneshot_layer
 .text.get_oneshot_layer_state
                0x00001474        0x8 .build/obj_tr47_samwan/quantum/action_util.o
                0x00001474                get_oneshot_layer_state
 .text.is_oneshot_layer_active
                0x0000147c       0x10 .build/obj_tr47_samwan/quantum/action_util.o
                0x0000147c                is_oneshot_layer_active
 .text.get_mods
                0x0000148c        0x6 .build/obj_tr47_samwan/quantum/action_util.o
                0x0000148c                get_mods
 .text.add_mods
                0x00001492        0xc .build/obj_tr47_samwan/quantum/action_util.o
                0x00001492                add_mods
 .text.del_mods
                0x0000149e       0x10 .build/obj_tr47_samwan/quantum/action_util.o
                0x0000149e                del_mods
 .text.clear_mods
                0x000014ae        0x6 .build/obj_tr47_samwan/quantum/action_util.o
                0x000014ae                clear_mods
 .text.add_weak_mods
                0x000014b4        0xc .build/obj_tr47_samwan/quantum/action_util.o
                0x000014b4                add_weak_mods
 .text.del_weak_mods
                0x000014c0       0x10 .build/obj_tr47_samwan/quantum/action_util.o
                0x000014c0                del_weak_mods
 .text.clear_weak_mods
                0x000014d0        0x6 .build/obj_tr47_samwan/quantum/action_util.o
                0x000014d0                clear_weak_mods
 .text.oneshot_locked_mods_changed_user
                0x000014d6        0x2 .build/obj_tr47_samwan/quantum/action_util.o
                0x000014d6                oneshot_locked_mods_changed_user
 .text.oneshot_locked_mods_changed_kb
                0x000014d8        0x6 .build/obj_tr47_samwan/quantum/action_util.o
                0x000014d8                oneshot_locked_mods_changed_kb
 .text.del_oneshot_locked_mods
                0x000014de       0x1a .build/obj_tr47_samwan/quantum/action_util.o
                0x000014de                del_oneshot_locked_mods
 .text.oneshot_mods_changed_user
                0x000014f8        0x2 .build/obj_tr47_samwan/quantum/action_util.o
                0x000014f8                oneshot_mods_changed_user
 .text.oneshot_mods_changed_kb
                0x000014fa        0x6 .build/obj_tr47_samwan/quantum/action_util.o
                0x000014fa                oneshot_mods_changed_kb
 .text.add_oneshot_mods
                0x00001500       0x18 .build/obj_tr47_samwan/quantum/action_util.o
                0x00001500                add_oneshot_mods
 .text.del_oneshot_mods
                0x00001518       0x1a .build/obj_tr47_samwan/quantum/action_util.o
                0x00001518                del_oneshot_mods
 .text.clear_oneshot_mods
                0x00001532       0x14 .build/obj_tr47_samwan/quantum/action_util.o
                0x00001532                clear_oneshot_mods
 .text.get_mods_for_report
                0x00001546       0x2a .build/obj_tr47_samwan/quantum/action_util.o
 .text.send_6kro_report
                0x00001570       0x48 .build/obj_tr47_samwan/quantum/action_util.o
                0x00001570                send_6kro_report
 .text.send_nkro_report
                0x000015b8       0x48 .build/obj_tr47_samwan/quantum/action_util.o
                0x000015b8                send_nkro_report
 .text.send_keyboard_report
                0x00001600       0x1c .build/obj_tr47_samwan/quantum/action_util.o
                0x00001600                send_keyboard_report
 .text.oneshot_layer_changed_user
                0x0000161c        0x2 .build/obj_tr47_samwan/quantum/action_util.o
                0x0000161c                oneshot_layer_changed_user
 .text.oneshot_layer_changed_kb
                0x0000161e        0x6 .build/obj_tr47_samwan/quantum/action_util.o
                0x0000161e                oneshot_layer_changed_kb
 .text.set_oneshot_layer
                0x00001624       0x30 .build/obj_tr47_samwan/quantum/action_util.o
                0x00001624                set_oneshot_layer
 .text.reset_oneshot_layer
                0x00001654        0xc .build/obj_tr47_samwan/quantum/action_util.o
                0x00001654                reset_oneshot_layer
 .text.clear_oneshot_layer_state
                0x00001660       0x30 .build/obj_tr47_samwan/quantum/action_util.o
                0x00001660                clear_oneshot_layer_state
 .text.oneshot_set
                0x00001690       0x2a .build/obj_tr47_samwan/quantum/action_util.o
                0x00001690                oneshot_set
 .text.oneshot_toggle
                0x000016ba       0x14 .build/obj_tr47_samwan/quantum/action_util.o
                0x000016ba                oneshot_toggle
 .text.oneshot_enable
                0x000016ce        0x8 .build/obj_tr47_samwan/quantum/action_util.o
                0x000016ce                oneshot_enable
 .text.oneshot_disable
                0x000016d6        0x8 .build/obj_tr47_samwan/quantum/action_util.o
                0x000016d6                oneshot_disable
 .text.eeconfig_disable
                0x000016de        0xe .build/obj_tr47_samwan/quantum/eeconfig.o
                0x000016de                eeconfig_disable
 .text.eeconfig_is_enabled
                0x000016ec       0x16 .build/obj_tr47_samwan/quantum/eeconfig.o
                0x000016ec                eeconfig_is_enabled
 .text.eeconfig_read_debug
                0x00001702        0xa .build/obj_tr47_samwan/quantum/eeconfig.o
                0x00001702                eeconfig_read_debug
 .text.eeconfig_read_default_layer
                0x0000170c        0xa .build/obj_tr47_samwan/quantum/eeconfig.o
                0x0000170c                eeconfig_read_default_layer
 .text.eeconfig_read_keymap
                0x00001716        0xa .build/obj_tr47_samwan/quantum/eeconfig.o
                0x00001716                eeconfig_read_keymap
 .text.eeconfig_update_keymap
                0x00001720        0xc .build/obj_tr47_samwan/quantum/eeconfig.o
                0x00001720                eeconfig_update_keymap
 .text.eeconfig_update_kb
                0x0000172c        0xe .build/obj_tr47_samwan/quantum/eeconfig.o
                0x0000172c                eeconfig_update_kb
 .text.eeconfig_update_user
                0x0000173a        0xe .build/obj_tr47_samwan/quantum/eeconfig.o
                0x0000173a                eeconfig_update_user
 .text.eeconfig_init_user
                0x00001748        0xc .build/obj_tr47_samwan/quantum/eeconfig.o
                0x00001748                eeconfig_init_user
 .text.eeconfig_init_kb
                0x00001754       0x10 .build/obj_tr47_samwan/quantum/eeconfig.o
                0x00001754                eeconfig_init_kb
 .text.eeconfig_init_quantum
                0x00001764       0xc8 .build/obj_tr47_samwan/quantum/eeconfig.o
                0x00001764                eeconfig_init_quantum
 .text.eeconfig_init
                0x0000182c        0x6 .build/obj_tr47_samwan/quantum/eeconfig.o
                0x0000182c                eeconfig_init
 .text.eeconfig_update_handedness
                0x00001832        0xc .build/obj_tr47_samwan/quantum/eeconfig.o
                0x00001832                eeconfig_update_handedness
 .text.generate_tick_event
                0x0000183e       0x46 .build/obj_tr47_samwan/quantum/keyboard.o
 .text.last_matrix_activity_trigger
                0x00001884       0x26 .build/obj_tr47_samwan/quantum/keyboard.o
                0x00001884                last_matrix_activity_trigger
 .text.keyboard_pre_init_user
                0x000018aa        0x2 .build/obj_tr47_samwan/quantum/keyboard.o
                0x000018aa                keyboard_pre_init_user
 .text.matrix_setup
                0x000018ac        0x2 .build/obj_tr47_samwan/quantum/keyboard.o
                0x000018ac                matrix_setup
 .text.keyboard_pre_init_kb
                0x000018ae        0x6 .build/obj_tr47_samwan/quantum/keyboard.o
                0x000018ae                keyboard_pre_init_kb
 .text.keyboard_post_init_user
                0x000018b4        0x2 .build/obj_tr47_samwan/quantum/keyboard.o
                0x000018b4                keyboard_post_init_user
 .text.keyboard_post_init_kb
                0x000018b6        0x6 .build/obj_tr47_samwan/quantum/keyboard.o
                0x000018b6                keyboard_post_init_kb
 .text.keyboard_setup
                0x000018bc       0x12 .build/obj_tr47_samwan/quantum/keyboard.o
                0x000018bc                keyboard_setup
 .text.is_keyboard_master
                0x000018ce        0x4 .build/obj_tr47_samwan/quantum/keyboard.o
                0x000018ce                is_keyboard_master
 .text.matrix_can_read
                0x000018d2        0x6 .build/obj_tr47_samwan/quantum/keyboard.o
                0x000018d2                matrix_can_read
 .text.should_process_keypress
                0x000018d8        0x6 .build/obj_tr47_samwan/quantum/keyboard.o
                0x000018d8                should_process_keypress
 .text.housekeeping_task_kb
                0x000018de        0x2 .build/obj_tr47_samwan/quantum/keyboard.o
                0x000018de                housekeeping_task_kb
 .text.housekeeping_task_user
                0x000018e0        0x2 .build/obj_tr47_samwan/quantum/keyboard.o
                0x000018e0                housekeeping_task_user
 .text.housekeeping_task
                0x000018e2        0xa .build/obj_tr47_samwan/quantum/keyboard.o
                0x000018e2                housekeeping_task
 .text.quantum_init
                0x000018ec       0x38 .build/obj_tr47_samwan/quantum/keyboard.o
                0x000018ec                quantum_init
 .text.keyboard_init
                0x00001924       0x16 .build/obj_tr47_samwan/quantum/keyboard.o
                0x00001924                keyboard_init
 .text.keyboard_task
                0x0000193a       0xee .build/obj_tr47_samwan/quantum/keyboard.o
                0x0000193a                keyboard_task
 .text.action_for_keycode
                0x00001a28      0x202 .build/obj_tr47_samwan/quantum/keymap_common.o
                0x00001a28                action_for_keycode
 .text.keymap_key_to_keycode
                0x00001c2a       0x18 .build/obj_tr47_samwan/quantum/keymap_common.o
                0x00001c2a                keymap_key_to_keycode
 .text.action_for_key
                0x00001c42        0xa .build/obj_tr47_samwan/quantum/keymap_common.o
                0x00001c42                action_for_key
 .text.keycode_config
                0x00001c4c      0x148 .build/obj_tr47_samwan/quantum/keycode_config.o
                0x00001c4c                keycode_config
 .text.mod_config
                0x00001d94       0x9e .build/obj_tr47_samwan/quantum/keycode_config.o
                0x00001d94                mod_config
 .text.sendchar
                0x00001e32        0x4 .build/obj_tr47_samwan/quantum/logging/sendchar.o
                0x00001e32                sendchar
 .text.matrix_init_user
                0x00001e36        0x2 .build/obj_tr47_samwan/quantum/matrix_common.o
                0x00001e36                matrix_init_user
 .text.matrix_init_kb
                0x00001e38        0x6 .build/obj_tr47_samwan/quantum/matrix_common.o
                0x00001e38                matrix_init_kb
 .text.matrix_scan_user
                0x00001e3e        0x2 .build/obj_tr47_samwan/quantum/matrix_common.o
                0x00001e3e                matrix_scan_user
 .text.matrix_scan_kb
                0x00001e40        0x6 .build/obj_tr47_samwan/quantum/matrix_common.o
                0x00001e40                matrix_scan_kb
 .text.matrix_get_row
                0x00001e46       0x12 .build/obj_tr47_samwan/quantum/matrix_common.o
                0x00001e46                matrix_get_row
 .text.matrix_print
                0x00001e58        0x2 .build/obj_tr47_samwan/quantum/matrix_common.o
                0x00001e58                matrix_print
 .text.matrix_io_delay
                0x00001e5a        0x8 .build/obj_tr47_samwan/quantum/matrix_common.o
                0x00001e5a                matrix_io_delay
 .text.matrix_output_select_delay
                0x00001e62        0x4 .build/obj_tr47_samwan/quantum/matrix_common.o
                0x00001e62                matrix_output_select_delay
 .text.matrix_output_unselect_delay
                0x00001e66        0x6 .build/obj_tr47_samwan/quantum/matrix_common.o
                0x00001e66                matrix_output_unselect_delay
 .text.setPinInputHigh_atomic
                0x00001e6c       0x32 .build/obj_tr47_samwan/quantum/matrix.o
 .text.matrix_init_pins
                0x00001e9e       0x38 .build/obj_tr47_samwan/quantum/matrix.o
                0x00001e9e                matrix_init_pins
 .text.matrix_read_cols_on_row
                0x00001ed6       0xce .build/obj_tr47_samwan/quantum/matrix.o
                0x00001ed6                matrix_read_cols_on_row
 .text.matrix_init
                0x00001fa4       0x2c .build/obj_tr47_samwan/quantum/matrix.o
                0x00001fa4                matrix_init
 .text.matrix_scan
                0x00001fd0       0x7a .build/obj_tr47_samwan/quantum/matrix.o
                0x00001fd0                matrix_scan
 .text.debounce_init
                0x0000204a        0x2 .build/obj_tr47_samwan/quantum/debounce/sym_defer_g.o
                0x0000204a                debounce_init
 .text.debounce
                0x0000204c       0x82 .build/obj_tr47_samwan/quantum/debounce/sym_defer_g.o
                0x0000204c                debounce
 .text.protocol_init
                0x000020ce        0xe .build/obj_tr47_samwan/quantum/main.o
                0x000020ce                protocol_init
 .text.protocol_task
                0x000020dc        0xe .build/obj_tr47_samwan/quantum/main.o
                0x000020dc                protocol_task
 .text.startup.main
                0x000020ea       0x1a .build/obj_tr47_samwan/quantum/main.o
                0x000020ea                main
 .text.print_set_sendchar
                0x00002104        0xa .build/obj_tr47_samwan/platforms/avr/printf.o
                0x00002104                print_set_sendchar
 .text.process_grave_esc
                0x0000210e       0x56 .build/obj_tr47_samwan/quantum/process_keycode/process_grave_esc.o
                0x0000210e                process_grave_esc
 .text.process_magic
                0x00002164      0x1b8 .build/obj_tr47_samwan/quantum/process_keycode/process_magic.o
                0x00002164                process_magic
 .text.perform_space_cadet
                0x0000231c       0xde .build/obj_tr47_samwan/quantum/process_keycode/process_space_cadet.o
                0x0000231c                perform_space_cadet
 .text.process_space_cadet
                0x000023fa       0x82 .build/obj_tr47_samwan/quantum/process_keycode/process_space_cadet.o
                0x000023fa                process_space_cadet
 .text.host_set_driver
                0x0000247c        0xa .build/obj_tr47_samwan/protocol/host.o
                0x0000247c                host_set_driver
 .text.host_keyboard_leds
                0x00002486       0x1a .build/obj_tr47_samwan/protocol/host.o
                0x00002486                host_keyboard_leds
 .text.host_keyboard_send
                0x000024a0       0x16 .build/obj_tr47_samwan/protocol/host.o
                0x000024a0                host_keyboard_send
 .text.host_nkro_send
                0x000024b6       0x1e .build/obj_tr47_samwan/protocol/host.o
                0x000024b6                host_nkro_send
 .text.has_anykey
                0x000024d4       0x42 .build/obj_tr47_samwan/protocol/report.o
                0x000024d4                has_anykey
 .text.is_key_pressed
                0x00002516       0x72 .build/obj_tr47_samwan/protocol/report.o
                0x00002516                is_key_pressed
 .text.add_key_byte
                0x00002588       0x34 .build/obj_tr47_samwan/protocol/report.o
                0x00002588                add_key_byte
 .text.del_key_byte
                0x000025bc       0x1e .build/obj_tr47_samwan/protocol/report.o
                0x000025bc                del_key_byte
 .text.add_key_bit
                0x000025da       0x28 .build/obj_tr47_samwan/protocol/report.o
                0x000025da                add_key_bit
 .text.del_key_bit
                0x00002602       0x30 .build/obj_tr47_samwan/protocol/report.o
                0x00002602                del_key_bit
 .text.add_key_to_report
                0x00002632       0x2e .build/obj_tr47_samwan/protocol/report.o
                0x00002632                add_key_to_report
 .text.del_key_from_report
                0x00002660       0x2e .build/obj_tr47_samwan/protocol/report.o
                0x00002660                del_key_from_report
 .text.clear_keys_from_report
                0x0000268e       0x34 .build/obj_tr47_samwan/protocol/report.o
                0x0000268e                clear_keys_from_report
 .text.notify_usb_device_state_change_user
                0x000026c2        0x2 .build/obj_tr47_samwan/protocol/usb_device_state.o
                0x000026c2                notify_usb_device_state_change_user
 .text.notify_usb_device_state_change_kb
                0x000026c4        0x6 .build/obj_tr47_samwan/protocol/usb_device_state.o
                0x000026c4                notify_usb_device_state_change_kb
 .text.usb_device_state_set_configuration
                0x000026ca        0xc .build/obj_tr47_samwan/protocol/usb_device_state.o
                0x000026ca                usb_device_state_set_configuration
 .text.usb_device_state_set_suspend
                0x000026d6        0xc .build/obj_tr47_samwan/protocol/usb_device_state.o
                0x000026d6                usb_device_state_set_suspend
 .text.usb_device_state_set_resume
                0x000026e2        0x6 .build/obj_tr47_samwan/protocol/usb_device_state.o
                0x000026e2                usb_device_state_set_resume
 .text.usb_device_state_set_reset
                0x000026e8        0xc .build/obj_tr47_samwan/protocol/usb_device_state.o
                0x000026e8                usb_device_state_set_reset
 .text.usb_device_state_init
                0x000026f4        0x6 .build/obj_tr47_samwan/protocol/usb_device_state.o
                0x000026f4                usb_device_state_init
 .text.suspend_wakeup_init_user
                0x000026fa        0x2 .build/obj_tr47_samwan/platforms/suspend.o
                0x000026fa                suspend_wakeup_init_user
 .text.suspend_power_down_user
                0x000026fc        0x2 .build/obj_tr47_samwan/platforms/suspend.o
                0x000026fc                suspend_power_down_user
 .text.suspend_power_down_kb
                0x000026fe        0x6 .build/obj_tr47_samwan/platforms/suspend.o
                0x000026fe                suspend_power_down_kb
 .text.matrix_power_up
                0x00002704        0x2 .build/obj_tr47_samwan/platforms/suspend.o
                0x00002704                matrix_power_up
 .text.matrix_power_down
                0x00002706        0x2 .build/obj_tr47_samwan/platforms/suspend.o
                0x00002706                matrix_power_down
 .text.suspend_wakeup_init_kb
                0x00002708        0x6 .build/obj_tr47_samwan/platforms/suspend.o
                0x00002708                suspend_wakeup_init_kb
 .text.suspend_wakeup_condition
                0x0000270e       0x2a .build/obj_tr47_samwan/platforms/suspend.o
                0x0000270e                suspend_wakeup_condition
 .text.platform_setup
                0x00002738        0xe .build/obj_tr47_samwan/platforms/avr/platform.o
                0x00002738                platform_setup
 .text.__vector_12
                0x00002746       0x4e .build/obj_tr47_samwan/platforms/avr/suspend.o
                0x00002746                __vector_12
 .text.suspend_power_down
                0x00002794       0x56 .build/obj_tr47_samwan/platforms/avr/suspend.o
                0x00002794                suspend_power_down
 .text.suspend_wakeup_init
                0x000027ea        0xa .build/obj_tr47_samwan/platforms/avr/suspend.o
                0x000027ea                suspend_wakeup_init
 .text.timer_init
                0x000027f4       0x12 .build/obj_tr47_samwan/platforms/avr/timer.o
                0x000027f4                timer_init
 .text.timer_read
                0x00002806       0x18 .build/obj_tr47_samwan/platforms/avr/timer.o
                0x00002806                timer_read
 .text.timer_read32
                0x0000281e       0x3a .build/obj_tr47_samwan/platforms/avr/timer.o
                0x0000281e                timer_read32
 .text.timer_elapsed
                0x00002858       0x1e .build/obj_tr47_samwan/platforms/avr/timer.o
                0x00002858                timer_elapsed
 .text.__vector_21
                0x00002876       0x48 .build/obj_tr47_samwan/platforms/avr/timer.o
                0x00002876                __vector_21
 .text.bootloader_jump
                0x000028be       0x48 .build/obj_tr47_samwan/platforms/avr/bootloaders/dfu.o
                0x000028be                bootloader_jump
 .text.mcu_reset
                0x00002906       0x16 .build/obj_tr47_samwan/platforms/avr/bootloaders/dfu.o
                0x00002906                mcu_reset
 .text.keyboard_leds
                0x0000291c        0x6 .build/obj_tr47_samwan/lufa.o
 .text.send_extra
                0x00002922        0x2 .build/obj_tr47_samwan/lufa.o
 .text.send_mouse
                0x00002924        0x2 .build/obj_tr47_samwan/lufa.o
 .text.send_report
                0x00002926       0x48 .build/obj_tr47_samwan/lufa.o
                0x00002926                send_report
 .text.send_nkro
                0x0000296e        0xe .build/obj_tr47_samwan/lufa.o
 .text.send_keyboard
                0x0000297c       0x2e .build/obj_tr47_samwan/lufa.o
 .text.EVENT_USB_Device_Connect
                0x000029aa       0x1c .build/obj_tr47_samwan/lufa.o
                0x000029aa                EVENT_USB_Device_Connect
 .text.EVENT_USB_Device_Disconnect
                0x000029c6        0x6 .build/obj_tr47_samwan/lufa.o
                0x000029c6                EVENT_USB_Device_Disconnect
 .text.EVENT_USB_Device_Reset
                0x000029cc        0x6 .build/obj_tr47_samwan/lufa.o
                0x000029cc                EVENT_USB_Device_Reset
 .text.EVENT_USB_Device_Suspend
                0x000029d2       0x12 .build/obj_tr47_samwan/lufa.o
                0x000029d2                EVENT_USB_Device_Suspend
 .text.EVENT_USB_Device_WakeUp
                0x000029e4       0x16 .build/obj_tr47_samwan/lufa.o
                0x000029e4                EVENT_USB_Device_WakeUp
 .text.EVENT_USB_Device_ConfigurationChanged
                0x000029fa       0x2a .build/obj_tr47_samwan/lufa.o
                0x000029fa                EVENT_USB_Device_ConfigurationChanged
 .text.EVENT_USB_Device_ControlRequest
                0x00002a24      0x172 .build/obj_tr47_samwan/lufa.o
                0x00002a24                EVENT_USB_Device_ControlRequest
 .text.protocol_setup
                0x00002b96       0x34 .build/obj_tr47_samwan/lufa.o
                0x00002b96                protocol_setup
 .text.protocol_pre_init
                0x00002bca       0x1a .build/obj_tr47_samwan/lufa.o
                0x00002bca                protocol_pre_init
 .text.protocol_post_init
                0x00002be4        0xa .build/obj_tr47_samwan/lufa.o
                0x00002be4                protocol_post_init
 .text.protocol_pre_task
                0x00002bee       0x34 .build/obj_tr47_samwan/lufa.o
                0x00002bee                protocol_pre_task
 .text.protocol_post_task
                0x00002c22        0x2 .build/obj_tr47_samwan/lufa.o
                0x00002c22                protocol_post_task
 .text.CALLBACK_USB_GetDescriptor
                0x00002c24       0x10 .build/obj_tr47_samwan/lufa.o
                0x00002c24                CALLBACK_USB_GetDescriptor
 .text.get_usb_descriptor
                0x00002c34       0xb2 .build/obj_tr47_samwan/usb_descriptor.o
                0x00002c34                get_usb_descriptor
 .text.USB_Device_SendRemoteWakeup
                0x00002ce6       0x2c .build/obj_tr47_samwan/lib/lufa/LUFA/Drivers/USB/Core/AVR8/Device_AVR8.o
                0x00002ce6                USB_Device_SendRemoteWakeup
 .text.Endpoint_Write_Stream_LE
                0x00002d12       0x9e .build/obj_tr47_samwan/lib/lufa/LUFA/Drivers/USB/Core/AVR8/EndpointStream_AVR8.o
                0x00002d12                Endpoint_Write_Stream_LE
 .text.Endpoint_Write_Control_Stream_LE
                0x00002db0       0xb4 .build/obj_tr47_samwan/lib/lufa/LUFA/Drivers/USB/Core/AVR8/EndpointStream_AVR8.o
                0x00002db0                Endpoint_Write_Control_Stream_LE
 .text.Endpoint_Write_Control_PStream_LE
                0x00002e64       0xb6 .build/obj_tr47_samwan/lib/lufa/LUFA/Drivers/USB/Core/AVR8/EndpointStream_AVR8.o
                0x00002e64                Endpoint_Write_Control_PStream_LE
 .text.Endpoint_ConfigureEndpoint_Prv
                0x00002f1a       0x68 .build/obj_tr47_samwan/lib/lufa/LUFA/Drivers/USB/Core/AVR8/Endpoint_AVR8.o
                0x00002f1a                Endpoint_ConfigureEndpoint_Prv
 .text.Endpoint_ClearStatusStage
                0x00002f82       0x3e .build/obj_tr47_samwan/lib/lufa/LUFA/Drivers/USB/Core/AVR8/Endpoint_AVR8.o
                0x00002f82                Endpoint_ClearStatusStage
 .text.Endpoint_WaitUntilReady
                0x00002fc0       0x62 .build/obj_tr47_samwan/lib/lufa/LUFA/Drivers/USB/Core/AVR8/Endpoint_AVR8.o
                0x00002fc0                Endpoint_WaitUntilReady
 .text.USB_Disable
                0x00003022       0x34 .build/obj_tr47_samwan/lib/lufa/LUFA/Drivers/USB/Core/AVR8/USBController_AVR8.o
                0x00003022                USB_Disable
 .text.USB_ResetInterface
                0x00003056       0x86 .build/obj_tr47_samwan/lib/lufa/LUFA/Drivers/USB/Core/AVR8/USBController_AVR8.o
                0x00003056                USB_ResetInterface
 .text.USB_Init
                0x000030dc       0x24 .build/obj_tr47_samwan/lib/lufa/LUFA/Drivers/USB/Core/AVR8/USBController_AVR8.o
                0x000030dc                USB_Init
 .text.USB_INT_DisableAllInterrupts
                0x00003100       0x10 .build/obj_tr47_samwan/lib/lufa/LUFA/Drivers/USB/Core/AVR8/USBInterrupt_AVR8.o
                0x00003100                USB_INT_DisableAllInterrupts
 .text.USB_INT_ClearAllInterrupts
                0x00003110        0xa .build/obj_tr47_samwan/lib/lufa/LUFA/Drivers/USB/Core/AVR8/USBInterrupt_AVR8.o
                0x00003110                USB_INT_ClearAllInterrupts
 .text.__vector_10
                0x0000311a      0x1a6 .build/obj_tr47_samwan/lib/lufa/LUFA/Drivers/USB/Core/AVR8/USBInterrupt_AVR8.o
                0x0000311a                __vector_10
 .text.__vector_11
                0x000032c0       0x92 .build/obj_tr47_samwan/lib/lufa/LUFA/Drivers/USB/Core/AVR8/USBInterrupt_AVR8.o
                0x000032c0                __vector_11
 .text.USB_Device_ProcessControlRequest
                0x00003352      0x28e .build/obj_tr47_samwan/lib/lufa/LUFA/Drivers/USB/Core/DeviceStandardReq.o
                0x00003352                USB_Device_ProcessControlRequest
 .text.USB_Event_Stub
                0x000035e0        0x2 .build/obj_tr47_samwan/lib/lufa/LUFA/Drivers/USB/Core/Events.o
                0x000035e0                EVENT_USB_Device_StartOfFrame
                0x000035e0                USB_Event_Stub
 .text.USB_USBTask
                0x000035e2       0x34 .build/obj_tr47_samwan/lib/lufa/LUFA/Drivers/USB/Core/USBTask.o
                0x000035e2                USB_USBTask
 .text.libgcc   0x00003616        0xc c:/qmk_msys/mingw64/bin/../lib/gcc/avr/12.2.0/avr5\libgcc.a(_tablejump2.o)
                0x00003616                __tablejump2__
 .text.libgcc.prologue
                0x00003622       0x38 c:/qmk_msys/mingw64/bin/../lib/gcc/avr/12.2.0/avr5\libgcc.a(_prologue.o)
                0x00003622                __prologue_saves__
 .text.libgcc.prologue
                0x0000365a       0x36 c:/qmk_msys/mingw64/bin/../lib/gcc/avr/12.2.0/avr5\libgcc.a(_epilogue.o)
                0x0000365a                __epilogue_restores__
 .text.avr-libc
                0x00003690       0x1a c:/qmk_msys/mingw64/bin/../lib/gcc/avr/12.2.0/../../../../avr/lib/avr5\libc.a(memcmp.o)
                0x00003690                memcmp
 .text.avr-libc
                0x000036aa       0x12 c:/qmk_msys/mingw64/bin/../lib/gcc/avr/12.2.0/../../../../avr/lib/avr5\libc.a(memcpy.o)
                0x000036aa                memcpy
 .text.avr-libc
                0x000036bc       0x10 c:/qmk_msys/mingw64/bin/../lib/gcc/avr/12.2.0/../../../../avr/lib/avr5\libatmega32u4.a(eerd_byte.o)
                0x000036bc                eeprom_read_byte
 .text.avr-libc
                0x000036cc        0xc c:/qmk_msys/mingw64/bin/../lib/gcc/avr/12.2.0/../../../../avr/lib/avr5\libatmega32u4.a(eerd_word.o)
                0x000036cc                eeprom_read_word
 .text.avr-libc
                0x000036d8       0x20 c:/qmk_msys/mingw64/bin/../lib/gcc/avr/12.2.0/../../../../avr/lib/avr5\libatmega32u4.a(eeupd_block.o)
                0x000036d8                eeprom_update_block
 .text.avr-libc
                0x000036f8       0x24 c:/qmk_msys/mingw64/bin/../lib/gcc/avr/12.2.0/../../../../avr/lib/avr5\libatmega32u4.a(eeupd_byte.o)
                0x000036f8                eeprom_update_byte
                0x000036fa                eeprom_update_r18
 .text.avr-libc
                0x0000371c       0x18 c:/qmk_msys/mingw64/bin/../lib/gcc/avr/12.2.0/../../../../avr/lib/avr5\libatmega32u4.a(eeupd_dword.o)
                0x0000371c                eeprom_update_float
                0x0000371c                eeprom_update_dword
 .text.avr-libc
                0x00003734        0xc c:/qmk_msys/mingw64/bin/../lib/gcc/avr/12.2.0/../../../../avr/lib/avr5\libatmega32u4.a(eeupd_word.o)
                0x00003734                eeprom_update_word
 .text.avr-libc
                0x00003740       0x20 c:/qmk_msys/mingw64/bin/../lib/gcc/avr/12.2.0/../../../../avr/lib/avr5\libatmega32u4.a(eerd_block.o)
                0x00003740                eeprom_read_block
                0x00003744                eeprom_read_blraw
                0x00003760                        . = ALIGN (0x2)
 *(.fini9)
 .fini9         0x00003760        0x0 c:/qmk_msys/mingw64/bin/../lib/gcc/avr/12.2.0/avr5\libgcc.a(_exit.o)
                0x00003760                _exit
                0x00003760                exit
 *(.fini9)
 *(.fini8)
 *(.fini8)
 *(.fini7)
 *(.fini7)
 *(.fini6)
 *(.fini6)
 *(.fini5)
 *(.fini5)
 *(.fini4)
 *(.fini4)
 *(.fini3)
 *(.fini3)
 *(.fini2)
 *(.fini2)
 *(.fini1)
 *(.fini1)
 *(.fini0)
 .fini0         0x00003760        0x4 c:/qmk_msys/mingw64/bin/../lib/gcc/avr/12.2.0/avr5\libgcc.a(_exit.o)
 *(.fini0)
 *(.hightext)
 *(.hightext*)
 *(.progmemx.*)
                0x00003764                        . = ALIGN (0x2)
 *(.jumptables)
 *(.jumptables*)
 .jumptables.gcc.process_magic
                0x00003764       0x44 .build/obj_tr47_samwan/quantum/process_keycode/process_magic.o
 .jumptables.gcc.process_space_cadet
                0x000037a8        0xe .build/obj_tr47_samwan/quantum/process_keycode/process_space_cadet.o
 .jumptables.gcc.USB_Device_ProcessControlRequest
                0x000037b6       0x14 .build/obj_tr47_samwan/lib/lufa/LUFA/Drivers/USB/Core/DeviceStandardReq.o
                0x000037ca                        _etext = .

.data           0x00800100       0x22 load address 0x000037ca
                0x00800100                        PROVIDE (__data_start = .)
 *(.data)
 *(.data*)
 .data.nkro_report
                0x00800100        0x2 .build/obj_tr47_samwan/quantum/action_util.o
                0x00800100                nkro_report
 .data.keyboard_report
                0x00800102        0x2 .build/obj_tr47_samwan/quantum/action_util.o
                0x00800102                keyboard_report
 .data.lufa_driver
                0x00800104        0xa .build/obj_tr47_samwan/lufa.o
                0x00800104                lufa_driver
 .data.keyboard_protocol
                0x0080010e        0x1 .build/obj_tr47_samwan/lufa.o
                0x0080010e                keyboard_protocol
 *(.gnu.linkonce.d*)
 *(.rodata)
 *(.rodata*)
 .rodata.col_pins
                0x0080010f        0xe .build/obj_tr47_samwan/quantum/matrix.o
 .rodata.row_pins
                0x0080011d        0x4 .build/obj_tr47_samwan/quantum/matrix.o
 *(.gnu.linkonce.r*)
                0x00800122                        . = ALIGN (0x2)
 *fill*         0x00800121        0x1 
                0x00800122                        _edata = .
                0x00800122                        PROVIDE (__data_end = .)

.bss            0x00800122      0x109
                0x00800122                        PROVIDE (__bss_start = .)
 *(.bss)
 .bss           0x00800122        0x2 .build/obj_tr47_samwan/platforms/avr/xprintf.o
                0x00800122                xfunc_out
 *(.bss*)
 .bss.last_led_status.0
                0x00800124        0x1 .build/obj_tr47_samwan/quantum/led.o
 .bss.last_led_modification_time
                0x00800125        0x4 .build/obj_tr47_samwan/quantum/led.o
 .bss.disable_action_cache
                0x00800129        0x1 .build/obj_tr47_samwan/quantum/action.o
                0x00800129                disable_action_cache
 .bss.source_layers_cache
                0x0080012a       0x1c .build/obj_tr47_samwan/quantum/action_layer.o
                0x0080012a                source_layers_cache
 .bss.layer_state
                0x00800146        0x2 .build/obj_tr47_samwan/quantum/action_layer.o
                0x00800146                layer_state
 .bss.default_layer_state
                0x00800148        0x2 .build/obj_tr47_samwan/quantum/action_layer.o
                0x00800148                default_layer_state
 .bss.waiting_buffer_tail
                0x0080014a        0x1 .build/obj_tr47_samwan/quantum/action_tapping.o
 .bss.waiting_buffer_head
                0x0080014b        0x1 .build/obj_tr47_samwan/quantum/action_tapping.o
 .bss.waiting_buffer
                0x0080014c       0x38 .build/obj_tr47_samwan/quantum/action_tapping.o
 .bss.tapping_key
                0x00800184        0x7 .build/obj_tr47_samwan/quantum/action_tapping.o
 .bss.last_report.0
                0x0080018b       0x20 .build/obj_tr47_samwan/quantum/action_util.o
 .bss.last_report.1
                0x008001ab        0x8 .build/obj_tr47_samwan/quantum/action_util.o
 .bss.oneshot_layer_data
                0x008001b3        0x1 .build/obj_tr47_samwan/quantum/action_util.o
 .bss.oneshot_locked_mods
                0x008001b4        0x1 .build/obj_tr47_samwan/quantum/action_util.o
 .bss.oneshot_mods
                0x008001b5        0x1 .build/obj_tr47_samwan/quantum/action_util.o
 .bss.__compound_literal.1
                0x008001b6       0x20 .build/obj_tr47_samwan/quantum/action_util.o
 .bss.__compound_literal.0
                0x008001d6        0x8 .build/obj_tr47_samwan/quantum/action_util.o
 .bss.weak_mods
                0x008001de        0x1 .build/obj_tr47_samwan/quantum/action_util.o
 .bss.real_mods
                0x008001df        0x1 .build/obj_tr47_samwan/quantum/action_util.o
 .bss.last_tick.0
                0x008001e0        0x2 .build/obj_tr47_samwan/quantum/keyboard.o
 .bss.matrix_previous.1
                0x008001e2        0x8 .build/obj_tr47_samwan/quantum/keyboard.o
 .bss.last_matrix_modification_time
                0x008001ea        0x4 .build/obj_tr47_samwan/quantum/keyboard.o
 .bss.last_input_modification_time
                0x008001ee        0x4 .build/obj_tr47_samwan/quantum/keyboard.o
 .bss.debug_config
                0x008001f2        0x1 .build/obj_tr47_samwan/quantum/logging/debug.o
                0x008001f2                debug_config
 .bss.debouncing_time
                0x008001f3        0x2 .build/obj_tr47_samwan/quantum/debounce/sym_defer_g.o
 .bss.debouncing
                0x008001f5        0x1 .build/obj_tr47_samwan/quantum/debounce/sym_defer_g.o
 .bss.grave_esc_was_shifted
                0x008001f6        0x1 .build/obj_tr47_samwan/quantum/process_keycode/process_grave_esc.o
 .bss.sc_timer  0x008001f7        0x2 .build/obj_tr47_samwan/quantum/process_keycode/process_space_cadet.o
 .bss.sc_last   0x008001f9        0x1 .build/obj_tr47_samwan/quantum/process_keycode/process_space_cadet.o
 .bss.driver    0x008001fa        0x2 .build/obj_tr47_samwan/protocol/host.o
 .bss.usb_device_state
                0x008001fc        0x1 .build/obj_tr47_samwan/protocol/usb_device_state.o
                0x008001fc                usb_device_state
 .bss.wdt_timeout
                0x008001fd        0x1 .build/obj_tr47_samwan/platforms/avr/suspend.o
 .bss.keyboard_report_sent
                0x008001fe        0x8 .build/obj_tr47_samwan/lufa.o
 .bss.keyboard_led_state
                0x00800206        0x1 .build/obj_tr47_samwan/lufa.o
 .bss.keyboard_idle
                0x00800207        0x1 .build/obj_tr47_samwan/lufa.o
                0x00800207                keyboard_idle
 *(COMMON)
 COMMON         0x00800208        0x2 .build/obj_tr47_samwan/quantum/keycode_config.o
                0x00800208                keymap_config
 COMMON         0x0080020a       0x10 .build/obj_tr47_samwan/quantum/matrix_common.o
                0x0080020a                raw_matrix
                0x00800212                matrix
 COMMON         0x0080021a        0x4 .build/obj_tr47_samwan/platforms/avr/timer.o
                0x0080021a                timer_count
 COMMON         0x0080021e        0x3 .build/obj_tr47_samwan/lib/lufa/LUFA/Drivers/USB/Core/DeviceStandardReq.o
                0x0080021e                USB_Device_ConfigurationNumber
                0x0080021f                USB_Device_CurrentlySelfPowered
                0x00800220                USB_Device_RemoteWakeupEnabled
 COMMON         0x00800221        0xa .build/obj_tr47_samwan/lib/lufa/LUFA/Drivers/USB/Core/USBTask.o
                0x00800221                USB_IsInitialized
                0x00800222                USB_DeviceState
                0x00800223                USB_ControlRequest
                0x0080022b                        PROVIDE (__bss_end = .)
                0x000037ca                        __data_load_start = LOADADDR (.data)
                0x000037ec                        __data_load_end = (__data_load_start + SIZEOF (.data))

.noinit         0x0080022b        0x4
                [!provide]                        PROVIDE (__noinit_start = .)
 *(.noinit .noinit.* .gnu.linkonce.n.*)
 .noinit        0x0080022b        0x4 .build/obj_tr47_samwan/platforms/avr/bootloaders/dfu.o
                0x0080022b                reset_key
                [!provide]                        PROVIDE (__noinit_end = .)
                0x0080022f                        _end = .
                [!provide]                        PROVIDE (__heap_start = .)

.eeprom         0x00810000        0x0
 *(.eeprom*)
                0x00810000                        __eeprom_end = .

.fuse
 *(.fuse)
 *(.lfuse)
 *(.hfuse)
 *(.efuse)

.lock
 *(.lock*)

.signature
 *(.signature*)

.stab
 *(.stab)

.stabstr
 *(.stabstr)

.stab.excl
 *(.stab.excl)

.stab.exclstr
 *(.stab.exclstr)

.stab.index
 *(.stab.index)

.stab.indexstr
 *(.stab.indexstr)

.comment        0x00000000       0x12
 *(.comment)
 .comment       0x00000000       0x12 .build/obj_tr47_samwan/quantum/keymap_introspection.o
                                 0x13 (size before relaxing)
 .comment       0x00000012       0x13 .build/obj_tr47_samwan/quantum/quantum.o
 .comment       0x00000012       0x13 .build/obj_tr47_samwan/quantum/led.o
 .comment       0x00000012       0x13 .build/obj_tr47_samwan/quantum/action.o
 .comment       0x00000012       0x13 .build/obj_tr47_samwan/quantum/action_layer.o
 .comment       0x00000012       0x13 .build/obj_tr47_samwan/quantum/action_tapping.o
 .comment       0x00000012       0x13 .build/obj_tr47_samwan/quantum/action_util.o
 .comment       0x00000012       0x13 .build/obj_tr47_samwan/quantum/eeconfig.o
 .comment       0x00000012       0x13 .build/obj_tr47_samwan/quantum/keyboard.o
 .comment       0x00000012       0x13 .build/obj_tr47_samwan/quantum/keymap_common.o
 .comment       0x00000012       0x13 .build/obj_tr47_samwan/quantum/keycode_config.o
 .comment       0x00000012       0x13 .build/obj_tr47_samwan/quantum/logging/debug.o
 .comment       0x00000012       0x13 .build/obj_tr47_samwan/quantum/logging/sendchar.o
 .comment       0x00000012       0x13 .build/obj_tr47_samwan/quantum/matrix_common.o
 .comment       0x00000012       0x13 .build/obj_tr47_samwan/quantum/matrix.o
 .comment       0x00000012       0x13 .build/obj_tr47_samwan/quantum/debounce/sym_defer_g.o
 .comment       0x00000012       0x13 .build/obj_tr47_samwan/quantum/main.o
 .comment       0x00000012       0x13 .build/obj_tr47_samwan/platforms/avr/printf.o
 .comment       0x00000012       0x13 .build/obj_tr47_samwan/quantum/process_keycode/process_grave_esc.o
 .comment       0x00000012       0x13 .build/obj_tr47_samwan/quantum/process_keycode/process_magic.o
 .comment       0x00000012       0x13 .build/obj_tr47_samwan/quantum/process_keycode/process_space_cadet.o
 .comment       0x00000012       0x13 .build/obj_tr47_samwan/protocol/host.o
 .comment       0x00000012       0x13 .build/obj_tr47_samwan/protocol/report.o
 .comment       0x00000012       0x13 .build/obj_tr47_samwan/protocol/usb_device_state.o
 .comment       0x00000012       0x13 .build/obj_tr47_samwan/platforms/suspend.o
 .comment       0x00000012       0x13 .build/obj_tr47_samwan/platforms/avr/platform.o
 .comment       0x00000012       0x13 .build/obj_tr47_samwan/platforms/avr/suspend.o
 .comment       0x00000012       0x13 .build/obj_tr47_samwan/platforms/avr/timer.o
 .comment       0x00000012       0x13 .build/obj_tr47_samwan/platforms/avr/bootloaders/dfu.o
 .comment       0x00000012       0x13 .build/obj_tr47_samwan/lufa.o
 .comment       0x00000012       0x13 .build/obj_tr47_samwan/usb_descriptor.o
 .comment       0x00000012       0x13 .build/obj_tr47_samwan/lib/lufa/LUFA/Drivers/USB/Core/AVR8/Device_AVR8.o
 .comment       0x00000012       0x13 .build/obj_tr47_samwan/lib/lufa/LUFA/Drivers/USB/Core/AVR8/EndpointStream_AVR8.o
 .comment       0x00000012       0x13 .build/obj_tr47_samwan/lib/lufa/LUFA/Drivers/USB/Core/AVR8/Endpoint_AVR8.o
 .comment       0x00000012       0x13 .build/obj_tr47_samwan/lib/lufa/LUFA/Drivers/USB/Core/AVR8/USBController_AVR8.o
 .comment       0x00000012       0x13 .build/obj_tr47_samwan/lib/lufa/LUFA/Drivers/USB/Core/AVR8/USBInterrupt_AVR8.o
 .comment       0x00000012       0x13 .build/obj_tr47_samwan/lib/lufa/LUFA/Drivers/USB/Core/DeviceStandardReq.o
 .comment       0x00000012       0x13 .build/obj_tr47_samwan/lib/lufa/LUFA/Drivers/USB/Core/Events.o
 .comment       0x00000012       0x13 .build/obj_tr47_samwan/lib/lufa/LUFA/Drivers/USB/Core/USBTask.o

.note.gnu.avr.deviceinfo
                0x00000000       0x40
 .note.gnu.avr.deviceinfo
                0x00000000       0x40 c:/qmk_msys/mingw64/bin/../lib/gcc/avr/12.2.0/../../../../avr/lib/avr5/crtatmega32u4.o

.gnu.build.attributes
 *(.gnu.build.attributes .gnu.build.attributes.*)

.note.gnu.build-id
 *(.note.gnu.build-id)

.debug
 *(.debug)

.line
 *(.line)

.debug_srcinfo
 *(.debug_srcinfo)

.debug_sfnames
 *(.debug_sfnames)

.debug_aranges  0x00000000      0xef8
 *(.debug_aranges)
 .debug_aranges
                0x00000000       0x38 .build/obj_tr47_samwan/quantum/keymap_introspection.o
 .debug_aranges
                0x00000038      0x100 .build/obj_tr47_samwan/quantum/quantum.o
 .debug_aranges
                0x00000138       0x70 .build/obj_tr47_samwan/quantum/led.o
 .debug_aranges
                0x000001a8       0xe0 .build/obj_tr47_samwan/quantum/action.o
 .debug_aranges
                0x00000288      0x110 .build/obj_tr47_samwan/quantum/action_layer.o
 .debug_aranges
                0x00000398       0x48 .build/obj_tr47_samwan/quantum/action_tapping.o
 .debug_aranges
                0x000003e0      0x188 .build/obj_tr47_samwan/quantum/action_util.o
 .debug_aranges
                0x00000568       0xd8 .build/obj_tr47_samwan/quantum/eeconfig.o
 .debug_aranges
                0x00000640      0x110 .build/obj_tr47_samwan/quantum/keyboard.o
 .debug_aranges
                0x00000750       0x30 .build/obj_tr47_samwan/quantum/keymap_common.o
 .debug_aranges
                0x00000780       0x28 .build/obj_tr47_samwan/quantum/keycode_config.o
 .debug_aranges
                0x000007a8       0x18 .build/obj_tr47_samwan/quantum/logging/debug.o
 .debug_aranges
                0x000007c0       0x20 .build/obj_tr47_samwan/quantum/logging/sendchar.o
 .debug_aranges
                0x000007e0       0xa0 .build/obj_tr47_samwan/quantum/matrix_common.o
 .debug_aranges
                0x00000880       0x40 .build/obj_tr47_samwan/quantum/matrix.o
 .debug_aranges
                0x000008c0       0x30 .build/obj_tr47_samwan/quantum/debounce/sym_defer_g.o
 .debug_aranges
                0x000008f0       0x30 .build/obj_tr47_samwan/quantum/main.o
 .debug_aranges
                0x00000920       0x20 .build/obj_tr47_samwan/platforms/avr/printf.o
 .debug_aranges
                0x00000940       0x20 .build/obj_tr47_samwan/quantum/process_keycode/process_grave_esc.o
 .debug_aranges
                0x00000960       0x20 .build/obj_tr47_samwan/quantum/process_keycode/process_magic.o
 .debug_aranges
                0x00000980       0x30 .build/obj_tr47_samwan/quantum/process_keycode/process_space_cadet.o
 .debug_aranges
                0x000009b0       0x88 .build/obj_tr47_samwan/protocol/host.o
 .debug_aranges
                0x00000a38       0x68 .build/obj_tr47_samwan/protocol/report.o
 .debug_aranges
                0x00000aa0       0x50 .build/obj_tr47_samwan/protocol/usb_device_state.o
 .debug_aranges
                0x00000af0       0x50 .build/obj_tr47_samwan/platforms/suspend.o
 .debug_aranges
                0x00000b40       0x20 .build/obj_tr47_samwan/platforms/avr/platform.o
 .debug_aranges
                0x00000b60       0x30 .build/obj_tr47_samwan/platforms/avr/suspend.o
 .debug_aranges
                0x00000b90       0x50 .build/obj_tr47_samwan/platforms/avr/timer.o
 .debug_aranges
                0x00000be0       0x30 .build/obj_tr47_samwan/platforms/avr/bootloaders/dfu.o
 .debug_aranges
                0x00000c10       0xc8 .build/obj_tr47_samwan/lufa.o
 .debug_aranges
                0x00000cd8       0x20 .build/obj_tr47_samwan/usb_descriptor.o
 .debug_aranges
                0x00000cf8       0x20 .build/obj_tr47_samwan/lib/lufa/LUFA/Drivers/USB/Core/AVR8/Device_AVR8.o
 .debug_aranges
                0x00000d18       0xc8 .build/obj_tr47_samwan/lib/lufa/LUFA/Drivers/USB/Core/AVR8/EndpointStream_AVR8.o
 .debug_aranges
                0x00000de0       0x40 .build/obj_tr47_samwan/lib/lufa/LUFA/Drivers/USB/Core/AVR8/Endpoint_AVR8.o
 .debug_aranges
                0x00000e20       0x30 .build/obj_tr47_samwan/lib/lufa/LUFA/Drivers/USB/Core/AVR8/USBController_AVR8.o
 .debug_aranges
                0x00000e50       0x38 .build/obj_tr47_samwan/lib/lufa/LUFA/Drivers/USB/Core/AVR8/USBInterrupt_AVR8.o
 .debug_aranges
                0x00000e88       0x20 .build/obj_tr47_samwan/lib/lufa/LUFA/Drivers/USB/Core/DeviceStandardReq.o
 .debug_aranges
                0x00000ea8       0x30 .build/obj_tr47_samwan/lib/lufa/LUFA/Drivers/USB/Core/Events.o
 .debug_aranges
                0x00000ed8       0x20 .build/obj_tr47_samwan/lib/lufa/LUFA/Drivers/USB/Core/USBTask.o

.debug_pubnames
 *(.debug_pubnames)

.debug_info     0x00000000    0x26d2f
 *(.debug_info .gnu.linkonce.wi.*)
 .debug_info    0x00000000      0x9f4 c:/qmk_msys/mingw64/bin/../lib/gcc/avr/12.2.0/../../../../avr/lib/avr5/crtatmega32u4.o
 .debug_info    0x000009f4     0x2520 .build/obj_tr47_samwan/quantum/keymap_introspection.o
 .debug_info    0x00002f14     0x341b .build/obj_tr47_samwan/quantum/quantum.o
 .debug_info    0x0000632f      0x47b .build/obj_tr47_samwan/quantum/led.o
 .debug_info    0x000067aa     0x3a18 .build/obj_tr47_samwan/quantum/action.o
 .debug_info    0x0000a1c2      0xd8d .build/obj_tr47_samwan/quantum/action_layer.o
 .debug_info    0x0000af4f     0x2bc4 .build/obj_tr47_samwan/quantum/action_tapping.o
 .debug_info    0x0000db13      0xdcb .build/obj_tr47_samwan/quantum/action_util.o
 .debug_info    0x0000e8de      0x92b .build/obj_tr47_samwan/quantum/eeconfig.o
 .debug_info    0x0000f209      0xc40 .build/obj_tr47_samwan/quantum/keyboard.o
 .debug_info    0x0000fe49     0x2990 .build/obj_tr47_samwan/quantum/keymap_common.o
 .debug_info    0x000127d9     0x23de .build/obj_tr47_samwan/quantum/keycode_config.o
 .debug_info    0x00014bb7      0x117 .build/obj_tr47_samwan/quantum/logging/debug.o
 .debug_info    0x00014cce       0xa8 .build/obj_tr47_samwan/quantum/logging/sendchar.o
 .debug_info    0x00014d76      0x54c .build/obj_tr47_samwan/quantum/matrix_common.o
 .debug_info    0x000152c2      0x73f .build/obj_tr47_samwan/quantum/matrix.o
 .debug_info    0x00015a01      0x2e6 .build/obj_tr47_samwan/quantum/debounce/sym_defer_g.o
 .debug_info    0x00015ce7      0x197 .build/obj_tr47_samwan/quantum/main.o
 .debug_info    0x00015e7e       0xe7 .build/obj_tr47_samwan/platforms/avr/printf.o
 .debug_info    0x00015f65     0x252e .build/obj_tr47_samwan/quantum/process_keycode/process_grave_esc.o
 .debug_info    0x00018493     0x256d .build/obj_tr47_samwan/quantum/process_keycode/process_magic.o
 .debug_info    0x0001aa00     0x2597 .build/obj_tr47_samwan/quantum/process_keycode/process_space_cadet.o
 .debug_info    0x0001cf97      0x7f1 .build/obj_tr47_samwan/protocol/host.o
 .debug_info    0x0001d788     0x2752 .build/obj_tr47_samwan/protocol/report.o
 .debug_info    0x0001feda      0x2ad .build/obj_tr47_samwan/protocol/usb_device_state.o
 .debug_info    0x00020187      0x19b .build/obj_tr47_samwan/platforms/suspend.o
 .debug_info    0x00020322       0xa9 .build/obj_tr47_samwan/platforms/avr/platform.o
 .debug_info    0x000203cb      0x22e .build/obj_tr47_samwan/platforms/avr/suspend.o
 .debug_info    0x000205f9      0x443 .build/obj_tr47_samwan/platforms/avr/timer.o
 .debug_info    0x00020a3c      0x238 .build/obj_tr47_samwan/platforms/avr/bootloaders/dfu.o
 .debug_info    0x00020c74     0x136f .build/obj_tr47_samwan/lufa.o
 .debug_info    0x00021fe3      0x82b .build/obj_tr47_samwan/usb_descriptor.o
 .debug_info    0x0002280e       0xfc .build/obj_tr47_samwan/lib/lufa/LUFA/Drivers/USB/Core/AVR8/Device_AVR8.o
 .debug_info    0x0002290a     0x1d82 .build/obj_tr47_samwan/lib/lufa/LUFA/Drivers/USB/Core/AVR8/EndpointStream_AVR8.o
 .debug_info    0x0002468c      0x727 .build/obj_tr47_samwan/lib/lufa/LUFA/Drivers/USB/Core/AVR8/Endpoint_AVR8.o
 .debug_info    0x00024db3      0x5aa .build/obj_tr47_samwan/lib/lufa/LUFA/Drivers/USB/Core/AVR8/USBController_AVR8.o
 .debug_info    0x0002535d      0x9b2 .build/obj_tr47_samwan/lib/lufa/LUFA/Drivers/USB/Core/AVR8/USBInterrupt_AVR8.o
 .debug_info    0x00025d0f      0xc65 .build/obj_tr47_samwan/lib/lufa/LUFA/Drivers/USB/Core/DeviceStandardReq.o
 .debug_info    0x00026974       0xf0 .build/obj_tr47_samwan/lib/lufa/LUFA/Drivers/USB/Core/Events.o
 .debug_info    0x00026a64      0x2cb .build/obj_tr47_samwan/lib/lufa/LUFA/Drivers/USB/Core/USBTask.o

.debug_abbrev   0x00000000     0x5a66
 *(.debug_abbrev)
 .debug_abbrev  0x00000000      0x96a c:/qmk_msys/mingw64/bin/../lib/gcc/avr/12.2.0/../../../../avr/lib/avr5/crtatmega32u4.o
 .debug_abbrev  0x0000096a      0x16b .build/obj_tr47_samwan/quantum/keymap_introspection.o
 .debug_abbrev  0x00000ad5      0x443 .build/obj_tr47_samwan/quantum/quantum.o
 .debug_abbrev  0x00000f18      0x203 .build/obj_tr47_samwan/quantum/led.o
 .debug_abbrev  0x0000111b      0x498 .build/obj_tr47_samwan/quantum/action.o
 .debug_abbrev  0x000015b3      0x328 .build/obj_tr47_samwan/quantum/action_layer.o
 .debug_abbrev  0x000018db      0x359 .build/obj_tr47_samwan/quantum/action_tapping.o
 .debug_abbrev  0x00001c34      0x386 .build/obj_tr47_samwan/quantum/action_util.o
 .debug_abbrev  0x00001fba      0x1c3 .build/obj_tr47_samwan/quantum/eeconfig.o
 .debug_abbrev  0x0000217d      0x402 .build/obj_tr47_samwan/quantum/keyboard.o
 .debug_abbrev  0x0000257f      0x1e3 .build/obj_tr47_samwan/quantum/keymap_common.o
 .debug_abbrev  0x00002762      0x131 .build/obj_tr47_samwan/quantum/keycode_config.o
 .debug_abbrev  0x00002893       0xa2 .build/obj_tr47_samwan/quantum/logging/debug.o
 .debug_abbrev  0x00002935       0x6b .build/obj_tr47_samwan/quantum/logging/sendchar.o
 .debug_abbrev  0x000029a0      0x298 .build/obj_tr47_samwan/quantum/matrix_common.o
 .debug_abbrev  0x00002c38      0x2f3 .build/obj_tr47_samwan/quantum/matrix.o
 .debug_abbrev  0x00002f2b      0x1f6 .build/obj_tr47_samwan/quantum/debounce/sym_defer_g.o
 .debug_abbrev  0x00003121       0x9e .build/obj_tr47_samwan/quantum/main.o
 .debug_abbrev  0x000031bf       0x9d .build/obj_tr47_samwan/platforms/avr/printf.o
 .debug_abbrev  0x0000325c      0x1c2 .build/obj_tr47_samwan/quantum/process_keycode/process_grave_esc.o
 .debug_abbrev  0x0000341e      0x16c .build/obj_tr47_samwan/quantum/process_keycode/process_magic.o
 .debug_abbrev  0x0000358a      0x1c2 .build/obj_tr47_samwan/quantum/process_keycode/process_space_cadet.o
 .debug_abbrev  0x0000374c      0x297 .build/obj_tr47_samwan/protocol/host.o
 .debug_abbrev  0x000039e3      0x241 .build/obj_tr47_samwan/protocol/report.o
 .debug_abbrev  0x00003c24      0x155 .build/obj_tr47_samwan/protocol/usb_device_state.o
 .debug_abbrev  0x00003d79      0x112 .build/obj_tr47_samwan/platforms/suspend.o
 .debug_abbrev  0x00003e8b       0x7e .build/obj_tr47_samwan/platforms/avr/platform.o
 .debug_abbrev  0x00003f09      0x172 .build/obj_tr47_samwan/platforms/avr/suspend.o
 .debug_abbrev  0x0000407b      0x1ba .build/obj_tr47_samwan/platforms/avr/timer.o
 .debug_abbrev  0x00004235      0x181 .build/obj_tr47_samwan/platforms/avr/bootloaders/dfu.o
 .debug_abbrev  0x000043b6      0x5bf .build/obj_tr47_samwan/lufa.o
 .debug_abbrev  0x00004975      0x189 .build/obj_tr47_samwan/usb_descriptor.o
 .debug_abbrev  0x00004afe       0x91 .build/obj_tr47_samwan/lib/lufa/LUFA/Drivers/USB/Core/AVR8/Device_AVR8.o
 .debug_abbrev  0x00004b8f      0x252 .build/obj_tr47_samwan/lib/lufa/LUFA/Drivers/USB/Core/AVR8/EndpointStream_AVR8.o
 .debug_abbrev  0x00004de1      0x29d .build/obj_tr47_samwan/lib/lufa/LUFA/Drivers/USB/Core/AVR8/Endpoint_AVR8.o
 .debug_abbrev  0x0000507e      0x1c4 .build/obj_tr47_samwan/lib/lufa/LUFA/Drivers/USB/Core/AVR8/USBController_AVR8.o
 .debug_abbrev  0x00005242      0x26e .build/obj_tr47_samwan/lib/lufa/LUFA/Drivers/USB/Core/AVR8/USBInterrupt_AVR8.o
 .debug_abbrev  0x000054b0      0x384 .build/obj_tr47_samwan/lib/lufa/LUFA/Drivers/USB/Core/DeviceStandardReq.o
 .debug_abbrev  0x00005834       0x89 .build/obj_tr47_samwan/lib/lufa/LUFA/Drivers/USB/Core/Events.o
 .debug_abbrev  0x000058bd      0x1a9 .build/obj_tr47_samwan/lib/lufa/LUFA/Drivers/USB/Core/USBTask.o

.debug_line     0x00000000    0x109d7
 *(.debug_line .debug_line.* .debug_line_end)
 .debug_line    0x00000000       0x1d c:/qmk_msys/mingw64/bin/../lib/gcc/avr/12.2.0/../../../../avr/lib/avr5/crtatmega32u4.o
 .debug_line    0x0000001d      0x190 .build/obj_tr47_samwan/quantum/keymap_introspection.o
 .debug_line    0x000001ad      0xd87 .build/obj_tr47_samwan/quantum/quantum.o
 .debug_line    0x00000f34      0x303 .build/obj_tr47_samwan/quantum/led.o
 .debug_line    0x00001237     0x14f0 .build/obj_tr47_samwan/quantum/action.o
 .debug_line    0x00002727      0xaf0 .build/obj_tr47_samwan/quantum/action_layer.o
 .debug_line    0x00003217      0xcbc .build/obj_tr47_samwan/quantum/action_tapping.o
 .debug_line    0x00003ed3      0xc02 .build/obj_tr47_samwan/quantum/action_util.o
 .debug_line    0x00004ad5      0x588 .build/obj_tr47_samwan/quantum/eeconfig.o
 .debug_line    0x0000505d      0x919 .build/obj_tr47_samwan/quantum/keyboard.o
 .debug_line    0x00005976      0x4ab .build/obj_tr47_samwan/quantum/keymap_common.o
 .debug_line    0x00005e21      0x4ab .build/obj_tr47_samwan/quantum/keycode_config.o
 .debug_line    0x000062cc       0x6c .build/obj_tr47_samwan/quantum/logging/debug.o
 .debug_line    0x00006338       0x8d .build/obj_tr47_samwan/quantum/logging/sendchar.o
 .debug_line    0x000063c5      0x51a .build/obj_tr47_samwan/quantum/matrix_common.o
 .debug_line    0x000068df      0x664 .build/obj_tr47_samwan/quantum/matrix.o
 .debug_line    0x00006f43      0x281 .build/obj_tr47_samwan/quantum/debounce/sym_defer_g.o
 .debug_line    0x000071c4       0xf0 .build/obj_tr47_samwan/quantum/main.o
 .debug_line    0x000072b4       0xae .build/obj_tr47_samwan/platforms/avr/printf.o
 .debug_line    0x00007362      0x216 .build/obj_tr47_samwan/quantum/process_keycode/process_grave_esc.o
 .debug_line    0x00007578      0x46e .build/obj_tr47_samwan/quantum/process_keycode/process_magic.o
 .debug_line    0x000079e6      0x398 .build/obj_tr47_samwan/quantum/process_keycode/process_space_cadet.o
 .debug_line    0x00007d7e      0x425 .build/obj_tr47_samwan/protocol/host.o
 .debug_line    0x000081a3      0x6da .build/obj_tr47_samwan/protocol/report.o
 .debug_line    0x0000887d      0x1cd .build/obj_tr47_samwan/protocol/usb_device_state.o
 .debug_line    0x00008a4a      0x19a .build/obj_tr47_samwan/platforms/suspend.o
 .debug_line    0x00008be4       0xaf .build/obj_tr47_samwan/platforms/avr/platform.o
 .debug_line    0x00008c93      0x279 .build/obj_tr47_samwan/platforms/avr/suspend.o
 .debug_line    0x00008f0c      0x4a2 .build/obj_tr47_samwan/platforms/avr/timer.o
 .debug_line    0x000093ae      0x25f .build/obj_tr47_samwan/platforms/avr/bootloaders/dfu.o
 .debug_line    0x0000960d      0xe79 .build/obj_tr47_samwan/lufa.o
 .debug_line    0x0000a486      0x2ca .build/obj_tr47_samwan/usb_descriptor.o
 .debug_line    0x0000a750      0x1aa .build/obj_tr47_samwan/lib/lufa/LUFA/Drivers/USB/Core/AVR8/Device_AVR8.o
 .debug_line    0x0000a8fa     0x332f .build/obj_tr47_samwan/lib/lufa/LUFA/Drivers/USB/Core/AVR8/EndpointStream_AVR8.o
 .debug_line    0x0000dc29      0x9b6 .build/obj_tr47_samwan/lib/lufa/LUFA/Drivers/USB/Core/AVR8/Endpoint_AVR8.o
 .debug_line    0x0000e5df      0x655 .build/obj_tr47_samwan/lib/lufa/LUFA/Drivers/USB/Core/AVR8/USBController_AVR8.o
 .debug_line    0x0000ec34      0xcd4 .build/obj_tr47_samwan/lib/lufa/LUFA/Drivers/USB/Core/AVR8/USBInterrupt_AVR8.o
 .debug_line    0x0000f908      0xda3 .build/obj_tr47_samwan/lib/lufa/LUFA/Drivers/USB/Core/DeviceStandardReq.o
 .debug_line    0x000106ab       0xe1 .build/obj_tr47_samwan/lib/lufa/LUFA/Drivers/USB/Core/Events.o
 .debug_line    0x0001078c      0x24b .build/obj_tr47_samwan/lib/lufa/LUFA/Drivers/USB/Core/USBTask.o

.debug_frame    0x00000000     0x20d8
 *(.debug_frame)
 .debug_frame   0x00000000       0x54 .build/obj_tr47_samwan/quantum/keymap_introspection.o
 .debug_frame   0x00000054      0x2cc .build/obj_tr47_samwan/quantum/quantum.o
 .debug_frame   0x00000320       0xf0 .build/obj_tr47_samwan/quantum/led.o
 .debug_frame   0x00000410      0x208 .build/obj_tr47_samwan/quantum/action.o
 .debug_frame   0x00000618      0x238 .build/obj_tr47_samwan/quantum/action_layer.o
 .debug_frame   0x00000850       0xd0 .build/obj_tr47_samwan/quantum/action_tapping.o
 .debug_frame   0x00000920      0x318 .build/obj_tr47_samwan/quantum/action_util.o
 .debug_frame   0x00000c38      0x19c .build/obj_tr47_samwan/quantum/eeconfig.o
 .debug_frame   0x00000dd4      0x2a4 .build/obj_tr47_samwan/quantum/keyboard.o
 .debug_frame   0x00001078       0x54 .build/obj_tr47_samwan/quantum/keymap_common.o
 .debug_frame   0x000010cc       0x34 .build/obj_tr47_samwan/quantum/keycode_config.o
 .debug_frame   0x00001100       0x24 .build/obj_tr47_samwan/quantum/logging/sendchar.o
 .debug_frame   0x00001124      0x12c .build/obj_tr47_samwan/quantum/matrix_common.o
 .debug_frame   0x00001250       0x98 .build/obj_tr47_samwan/quantum/matrix.o
 .debug_frame   0x000012e8       0x58 .build/obj_tr47_samwan/quantum/debounce/sym_defer_g.o
 .debug_frame   0x00001340       0x44 .build/obj_tr47_samwan/quantum/main.o
 .debug_frame   0x00001384       0x24 .build/obj_tr47_samwan/platforms/avr/printf.o
 .debug_frame   0x000013a8       0x30 .build/obj_tr47_samwan/quantum/process_keycode/process_grave_esc.o
 .debug_frame   0x000013d8       0x30 .build/obj_tr47_samwan/quantum/process_keycode/process_magic.o
 .debug_frame   0x00001408       0x60 .build/obj_tr47_samwan/quantum/process_keycode/process_space_cadet.o
 .debug_frame   0x00001468      0x104 .build/obj_tr47_samwan/protocol/host.o
 .debug_frame   0x0000156c       0xc0 .build/obj_tr47_samwan/protocol/report.o
 .debug_frame   0x0000162c       0x84 .build/obj_tr47_samwan/protocol/usb_device_state.o
 .debug_frame   0x000016b0       0x8c .build/obj_tr47_samwan/platforms/suspend.o
 .debug_frame   0x0000173c       0x24 .build/obj_tr47_samwan/platforms/avr/platform.o
 .debug_frame   0x00001760       0x54 .build/obj_tr47_samwan/platforms/avr/suspend.o
 .debug_frame   0x000017b4       0xa8 .build/obj_tr47_samwan/platforms/avr/timer.o
 .debug_frame   0x0000185c       0x44 .build/obj_tr47_samwan/platforms/avr/bootloaders/dfu.o
 .debug_frame   0x000018a0      0x180 .build/obj_tr47_samwan/lufa.o
 .debug_frame   0x00001a20       0x24 .build/obj_tr47_samwan/usb_descriptor.o
 .debug_frame   0x00001a44       0x24 .build/obj_tr47_samwan/lib/lufa/LUFA/Drivers/USB/Core/AVR8/Device_AVR8.o
 .debug_frame   0x00001a68      0x404 .build/obj_tr47_samwan/lib/lufa/LUFA/Drivers/USB/Core/AVR8/EndpointStream_AVR8.o
 .debug_frame   0x00001e6c       0x78 .build/obj_tr47_samwan/lib/lufa/LUFA/Drivers/USB/Core/AVR8/Endpoint_AVR8.o
 .debug_frame   0x00001ee4       0x58 .build/obj_tr47_samwan/lib/lufa/LUFA/Drivers/USB/Core/AVR8/USBController_AVR8.o
 .debug_frame   0x00001f3c       0xfc .build/obj_tr47_samwan/lib/lufa/LUFA/Drivers/USB/Core/AVR8/USBInterrupt_AVR8.o
 .debug_frame   0x00002038       0x30 .build/obj_tr47_samwan/lib/lufa/LUFA/Drivers/USB/Core/DeviceStandardReq.o
 .debug_frame   0x00002068       0x44 .build/obj_tr47_samwan/lib/lufa/LUFA/Drivers/USB/Core/Events.o
 .debug_frame   0x000020ac       0x2c .build/obj_tr47_samwan/lib/lufa/LUFA/Drivers/USB/Core/USBTask.o

.debug_str      0x00000000     0x8850
 *(.debug_str)
 .debug_str     0x00000000      0x371 c:/qmk_msys/mingw64/bin/../lib/gcc/avr/12.2.0/../../../../avr/lib/avr5/crtatmega32u4.o
 .debug_str     0x00000371     0x84df .build/obj_tr47_samwan/quantum/keymap_introspection.o
                               0x4226 (size before relaxing)
 .debug_str     0x00008850     0x478e .build/obj_tr47_samwan/quantum/quantum.o
 .debug_str     0x00008850      0x394 .build/obj_tr47_samwan/quantum/led.o
 .debug_str     0x00008850     0x489d .build/obj_tr47_samwan/quantum/action.o
 .debug_str     0x00008850      0x602 .build/obj_tr47_samwan/quantum/action_layer.o
 .debug_str     0x00008850     0x427d .build/obj_tr47_samwan/quantum/action_tapping.o
 .debug_str     0x00008850      0x823 .build/obj_tr47_samwan/quantum/action_util.o
 .debug_str     0x00008850      0x4e7 .build/obj_tr47_samwan/quantum/eeconfig.o
 .debug_str     0x00008850      0x987 .build/obj_tr47_samwan/quantum/keyboard.o
 .debug_str     0x00008850     0x447e .build/obj_tr47_samwan/quantum/keymap_common.o
 .debug_str     0x00008850     0x3fa1 .build/obj_tr47_samwan/quantum/keycode_config.o
 .debug_str     0x00008850      0x23e .build/obj_tr47_samwan/quantum/logging/debug.o
 .debug_str     0x00008850      0x204 .build/obj_tr47_samwan/quantum/logging/sendchar.o
 .debug_str     0x00008850      0x3e5 .build/obj_tr47_samwan/quantum/matrix_common.o
 .debug_str     0x00008850      0x3df .build/obj_tr47_samwan/quantum/matrix.o
 .debug_str     0x00008850      0x2fb .build/obj_tr47_samwan/quantum/debounce/sym_defer_g.o
 .debug_str     0x00008850      0x2ac .build/obj_tr47_samwan/quantum/main.o
 .debug_str     0x00008850      0x229 .build/obj_tr47_samwan/platforms/avr/printf.o
 .debug_str     0x00008850     0x4040 .build/obj_tr47_samwan/quantum/process_keycode/process_grave_esc.o
 .debug_str     0x00008850     0x409a .build/obj_tr47_samwan/quantum/process_keycode/process_magic.o
 .debug_str     0x00008850     0x3fe6 .build/obj_tr47_samwan/quantum/process_keycode/process_space_cadet.o
 .debug_str     0x00008850      0x58e .build/obj_tr47_samwan/protocol/host.o
 .debug_str     0x00008850     0x4061 .build/obj_tr47_samwan/protocol/report.o
 .debug_str     0x00008850      0x38c .build/obj_tr47_samwan/protocol/usb_device_state.o
 .debug_str     0x00008850      0x2bd .build/obj_tr47_samwan/platforms/suspend.o
 .debug_str     0x00008850      0x20e .build/obj_tr47_samwan/platforms/avr/platform.o
 .debug_str     0x00008850      0x37c .build/obj_tr47_samwan/platforms/avr/suspend.o
 .debug_str     0x00008850      0x29e .build/obj_tr47_samwan/platforms/avr/timer.o
 .debug_str     0x00008850      0x2b7 .build/obj_tr47_samwan/platforms/avr/bootloaders/dfu.o
 .debug_str     0x00008850      0xd05 .build/obj_tr47_samwan/lufa.o
 .debug_str     0x00008850      0xa65 .build/obj_tr47_samwan/usb_descriptor.o
 .debug_str     0x00008850      0x265 .build/obj_tr47_samwan/lib/lufa/LUFA/Drivers/USB/Core/AVR8/Device_AVR8.o
 .debug_str     0x00008850      0x8c7 .build/obj_tr47_samwan/lib/lufa/LUFA/Drivers/USB/Core/AVR8/EndpointStream_AVR8.o
 .debug_str     0x00008850      0x687 .build/obj_tr47_samwan/lib/lufa/LUFA/Drivers/USB/Core/AVR8/Endpoint_AVR8.o
 .debug_str     0x00008850      0x5c6 .build/obj_tr47_samwan/lib/lufa/LUFA/Drivers/USB/Core/AVR8/USBController_AVR8.o
 .debug_str     0x00008850      0x645 .build/obj_tr47_samwan/lib/lufa/LUFA/Drivers/USB/Core/AVR8/USBInterrupt_AVR8.o
 .debug_str     0x00008850      0xa16 .build/obj_tr47_samwan/lib/lufa/LUFA/Drivers/USB/Core/DeviceStandardReq.o
 .debug_str     0x00008850      0x23e .build/obj_tr47_samwan/lib/lufa/LUFA/Drivers/USB/Core/Events.o
 .debug_str     0x00008850      0x3ec .build/obj_tr47_samwan/lib/lufa/LUFA/Drivers/USB/Core/USBTask.o

.debug_loc      0x00000000     0x8f90
 *(.debug_loc)
 .debug_loc     0x00000000       0xe5 .build/obj_tr47_samwan/quantum/keymap_introspection.o
 .debug_loc     0x000000e5      0xc56 .build/obj_tr47_samwan/quantum/quantum.o
 .debug_loc     0x00000d3b      0x188 .build/obj_tr47_samwan/quantum/led.o
 .debug_loc     0x00000ec3      0x8fe .build/obj_tr47_samwan/quantum/action.o
 .debug_loc     0x000017c1      0x99a .build/obj_tr47_samwan/quantum/action_layer.o
 .debug_loc     0x0000215b      0x625 .build/obj_tr47_samwan/quantum/action_tapping.o
 .debug_loc     0x00002780      0x3cf .build/obj_tr47_samwan/quantum/action_util.o
 .debug_loc     0x00002b4f      0x1f2 .build/obj_tr47_samwan/quantum/eeconfig.o
 .debug_loc     0x00002d41      0x3d5 .build/obj_tr47_samwan/quantum/keyboard.o
 .debug_loc     0x00003116      0x71f .build/obj_tr47_samwan/quantum/keymap_common.o
 .debug_loc     0x00003835      0x225 .build/obj_tr47_samwan/quantum/keycode_config.o
 .debug_loc     0x00003a5a       0x25 .build/obj_tr47_samwan/quantum/logging/sendchar.o
 .debug_loc     0x00003a7f      0x264 .build/obj_tr47_samwan/quantum/matrix_common.o